Component: ARM Compiler 5.06 update 7 (build 960) Tool: armlink [4d3601]

==============================================================================

Section Cross References

    main.o(i.main) refers to stm32f4xx_hal.o(i.HAL_Init) for HAL_Init
    main.o(i.main) refers to sys.o(i.SysClockInit) for SysClockInit
    main.o(i.main) refers to delay.o(i.DelayInit) for DelayInit
    main.o(i.main) refers to debug.o(i.USART1_Init) for USART1_Init
    main.o(i.main) refers to motor.o(i.TIM1_PWM_Init) for TIM1_PWM_Init
    main.o(i.main) refers to printf5.o(i.__0printf$5) for __2printf
    main.o(i.main) refers to port.o(i.vPortEnterCritical) for vPortEnterCritical
    main.o(i.main) refers to tasks.o(i.xTaskCreate) for xTaskCreate
    main.o(i.main) refers to port.o(i.vPortExitCritical) for vPortExitCritical
    main.o(i.main) refers to tasks.o(i.vTaskStartScheduler) for vTaskStartScheduler
    main.o(i.main) refers to dof10.o(i.Dof10Task) for Dof10Task
    main.o(i.main) refers to atti_esti.o(i.AttiEstiTask) for AttiEstiTask
    main.o(i.main) refers to rc.o(i.RcTask) for RcTask
    main.o(i.main) refers to pos_esti.o(i.PosEstiTask) for PosEstiTask
    main.o(i.main) refers to control.o(i.ControlTask) for ControlTask
    main.o(i.main) refers to debug.o(i.PrintDataTask) for PrintDataTask
    main.o(i.main) refers to rgbled.o(i.RgbLedTask) for RgbLedTask
    uavmath.o(i.Eular2Quat) refers to cosf.o(i.__hardfp_cosf) for __hardfp_cosf
    uavmath.o(i.Eular2Quat) refers to sinf.o(i.__hardfp_sinf) for __hardfp_sinf
    uavmath.o(i.Eular2Quat) refers to uavmath.o(i.NormQuat) for NormQuat
    uavmath.o(i.Eular2Quat) refers to memcpya.o(.text) for __aeabi_memcpy4
    uavmath.o(i.Eular2Rbe) refers to cosf.o(i.__hardfp_cosf) for __hardfp_cosf
    uavmath.o(i.Eular2Rbe) refers to sinf.o(i.__hardfp_sinf) for __hardfp_sinf
    uavmath.o(i.Norm3) refers to sqrtf.o(i.__hardfp_sqrtf) for __hardfp_sqrtf
    uavmath.o(i.NormQuat) refers to sqrtf.o(i.__hardfp_sqrtf) for __hardfp_sqrtf
    uavmath.o(i.Quat2Eular) refers to uavmath.o(i.NormQuat) for NormQuat
    uavmath.o(i.Quat2Eular) refers to atan2f.o(i.__hardfp_atan2f) for __hardfp_atan2f
    uavmath.o(i.Quat2Eular) refers to asinf.o(i.__hardfp_asinf) for __hardfp_asinf
    uavmath.o(i.RemoveDeadBandVector3) refers to uavmath.o(i.RemoveDeadBand) for RemoveDeadBand
    uavmath.o(i.SetLpfCutoffFreq) refers to tanf.o(i.__hardfp_tanf) for __hardfp_tanf
    uavmath.o(i.SetLpfCutoffFreq) refers to cosf.o(i.__hardfp_cosf) for __hardfp_cosf
    uavmath.o(i.Std) refers to uavmath.o(i.Var) for Var
    uavmath.o(i.Std) refers to sqrtf.o(i.__hardfp_sqrtf) for __hardfp_sqrtf
    uavmath.o(i.Str2Double) refers to dflti.o(.text) for __aeabi_i2d
    uavmath.o(i.Str2Double) refers to dmul.o(.text) for __aeabi_dmul
    uavmath.o(i.Str2Double) refers to powf.o(i.__hardfp_powf) for __hardfp_powf
    uavmath.o(i.Str2Double) refers to f2d.o(.text) for __aeabi_f2d
    uavmath.o(i.Str2Double) refers to dadd.o(.text) for __aeabi_dadd
    uavmath.o(i.Str2Float) refers to powf.o(i.__hardfp_powf) for __hardfp_powf
    uavmath.o(i.Str2Float) refers to uavmath.o(i.powi) for powi
    uavmath.o(i.Var) refers to uavmath.o(i.Mean) for Mean
    dof10.o(i.AccApplyLpf) refers to uavmath.o(i.ApplyLpf) for ApplyLpf
    dof10.o(i.AccApplyLpf) refers to uavmath.o(i.SetLpfCutoffFreq) for SetLpfCutoffFreq
    dof10.o(i.AccApplyLpf) refers to dof10.o(.data) for .data
    dof10.o(i.AccApplyLpf) refers to dof10.o(.bss) for .bss
    dof10.o(i.Dof10Task) refers to iic.o(i.IIC_Init) for IIC_Init
    dof10.o(i.Dof10Task) refers to mpu9250.o(i.MPU9250_Init) for MPU9250_Init
    dof10.o(i.Dof10Task) refers to dof10.o(i.WaitImuValid) for WaitImuValid
    dof10.o(i.Dof10Task) refers to dof10.o(i.SetGyroOffsetAuto) for SetGyroOffsetAuto
    dof10.o(i.Dof10Task) refers to tasks.o(i.xTaskGetTickCount) for xTaskGetTickCount
    dof10.o(i.Dof10Task) refers to tasks.o(i.vTaskDelayUntil) for vTaskDelayUntil
    dof10.o(i.Dof10Task) refers to mpu9250.o(i.GetMpu9250AccApi) for GetMpu9250AccApi
    dof10.o(i.Dof10Task) refers to dof10.o(i.AccApplyLpf) for AccApplyLpf
    dof10.o(i.Dof10Task) refers to mpu9250.o(i.GetMpu9250GyroApi) for GetMpu9250GyroApi
    dof10.o(i.Dof10Task) refers to dof10.o(i.GyroApplyLpf) for GyroApplyLpf
    dof10.o(i.Dof10Task) refers to mpu9250.o(i.GetMpu9250MagApi) for GetMpu9250MagApi
    dof10.o(i.Dof10Task) refers to bmp280.o(i.GetBmp280AltiApi) for GetBmp280AltiApi
    dof10.o(i.Dof10Task) refers to dof10.o(.bss) for .bss
    dof10.o(i.Dof10Task) refers to dof10.o(.data) for .data
    dof10.o(i.GetDof10RawDataApi) refers to memcpya.o(.text) for __aeabi_memcpy4
    dof10.o(i.GetDof10RawDataApi) refers to dof10.o(.bss) for .bss
    dof10.o(i.GetDof6LpfDataApi) refers to memcpya.o(.text) for __aeabi_memcpy4
    dof10.o(i.GetDof6LpfDataApi) refers to dof10.o(.bss) for .bss
    dof10.o(i.GetDof9CaliDataApi) refers to memcpya.o(.text) for __aeabi_memcpy4
[...]
    Reset_Handler                            0x08000285   Thumb Code    40  startup_stm32f429xx.o(.text)
    ADC_IRQHandler                           0x080002bf   Thumb Code     0  startup_stm32f429xx.o(.text)
    CAN1_RX0_IRQHandler                      0x080002bf   Thumb Code     0  startup_stm32f429xx.o(.text)
    CAN1_RX1_IRQHandler                      0x080002bf   Thumb Code     0  startup_stm32f429xx.o(.text)
    CAN1_SCE_IRQHandler                      0x080002bf   Thumb Code     0  startup_stm32f429xx.o(.text)
    CAN1_TX_IRQHandler                       0x080002bf   Thumb Code     0  startup_stm32f429xx.o(.text)
    CAN2_RX0_IRQHandler                      0x080002bf   Thumb Code     0  startup_stm32f429xx.o(.text)
    CAN2_RX1_IRQHandler                      0x080002bf   Thumb Code     0  startup_stm32f429xx.o(.text)
    CAN2_SCE_IRQHandler                      0x080002bf   Thumb Code     0  startup_stm32f429xx.o(.text)
    CAN2_TX_IRQHandler                       0x080002bf   Thumb Code     0  startup_stm32f429xx.o(.text)
    DCMI_IRQHandler                          0x080002bf   Thumb Code     0  startup_stm32f429xx.o(.text)
    DMA1_Stream0_IRQHandler                  0x080002bf   Thumb Code     0  startup_stm32f429xx.o(.text)
    DMA1_Stream1_IRQHandler                  0x080002bf   Thumb Code     0  startup_stm32f429xx.o(.text)
    DMA1_Stream2_IRQHandler                  0x080002bf   Thumb Code     0  startup_stm32f429xx.o(.text)
    DMA1_Stream3_IRQHandler                  0x080002bf   Thumb Code     0  startup_stm32f429xx.o(.text)
    DMA1_Stream4_IRQHandler                  0x080002bf   Thumb Code     0  startup_stm32f429xx.o(.text)
    DMA1_Stream5_IRQHandler                  0x080002bf   Thumb Code     0  startup_stm32f429xx.o(.text)
    DMA1_Stream6_IRQHandler                  0x080002bf   Thumb Code     0  startup_stm32f429xx.o(.text)
    DMA2D_IRQHandler                         0x080002bf   Thumb Code     0  startup_stm32f429xx.o(.text)
    DMA2_Stream0_IRQHandler                  0x080002bf   Thumb Code     0  startup_stm32f429xx.o(.text)
    DMA2_Stream1_IRQHandler                  0x080002bf   Thumb Code     0  startup_stm32f429xx.o(.text)
    DMA2_Stream2_IRQHandler                  0x080002bf   Thumb Code     0  startup_stm32f429xx.o(.text)
    DMA2_Stream3_IRQHandler                  0x080002bf   Thumb Code     0  startup_stm32f429xx.o(.text)
    DMA2_Stream4_IRQHandler                  0x080002bf   Thumb Code     0  startup_stm32f429xx.o(.text)
    DMA2_Stream6_IRQHandler                  0x080002bf   Thumb Code     0  startup_stm32f429xx.o(.text)
    DMA2_Stream7_IRQHandler                  0x080002bf   Thumb Code     0  startup_stm32f429xx.o(.text)
    ETH_IRQHandler                           0x080002bf   Thumb Code     0  startup_stm32f429xx.o(.text)
    ETH_WKUP_IRQHandler                      0x080002bf   Thumb Code     0  startup_stm32f429xx.o(.text)
    EXTI0_IRQHandler                         0x080002bf   Thumb Code     0  startup_stm32f429xx.o(.text)
    EXTI15_10_IRQHandler                     0x080002bf   Thumb Code     0  startup_stm32f429xx.o(.text)
    EXTI1_IRQHandler                         0x080002bf   Thumb Code     0  startup_stm32f429xx.o(.text)
    EXTI2_IRQHandler                         0x080002bf   Thumb Code     0  startup_stm32f429xx.o(.text)
    EXTI3_IRQHandler                         0x080002bf   Thumb Code     0  startup_stm32f429xx.o(.text)
    EXTI4_IRQHandler                         0x080002bf   Thumb Code     0  startup_stm32f429xx.o(.text)
    EXTI9_5_IRQHandler                       0x080002bf   Thumb Code     0  startup_stm32f429xx.o(.text)
    FLASH_IRQHandler                         0x080002bf   Thumb Code     0  startup_stm32f429xx.o(.text)
    FMC_IRQHandler                           0x080002bf   Thumb Code     0  startup_stm32f429xx.o(.text)
    FPU_IRQHandler                           0x080002bf   Thumb Code     0  startup_stm32f429xx.o(.text)
    HASH_RNG_IRQHandler                      0x080002bf   Thumb Code     0  startup_stm32f429xx.o(.text)
    I2C1_ER_IRQHandler                       0x080002bf   Thumb Code     0  startup_stm32f429xx.o(.text)
    I2C1_EV_IRQHandler                       0x080002bf   Thumb Code     0  startup_stm32f429xx.o(.text)
    I2C2_ER_IRQHandler                       0x080002bf   Thumb Code     0  startup_stm32f429xx.o(.text)
    I2C2_EV_IRQHandler                       0x080002bf   Thumb Code     0  startup_stm32f429xx.o(.text)
    I2C3_ER_IRQHandler                       0x080002bf   Thumb Code     0  startup_stm32f429xx.o(.text)
    I2C3_EV_IRQHandler                       0x080002bf   Thumb Code     0  startup_stm32f429xx.o(.text)
    LTDC_ER_IRQHandler                       0x080002bf   Thumb Code     0  startup_stm32f429xx.o(.text)
    LTDC_IRQHandler                          0x080002bf   Thumb Code     0  startup_stm32f429xx.o(.text)
    OTG_FS_IRQHandler                        0x080002bf   Thumb Code     0  startup_stm32f429xx.o(.text)
    OTG_FS_WKUP_IRQHandler                   0x080002bf   Thumb Code     0  startup_stm32f429xx.o(.text)
    OTG_HS_EP1_IN_IRQHandler                 0x080002bf   Thumb Code     0  startup_stm32f429xx.o(.text)
    OTG_HS_EP1_OUT_IRQHandler                0x080002bf   Thumb Code     0  startup_stm32f429xx.o(.text)
    OTG_HS_IRQHandler                        0x080002bf   Thumb Code     0  startup_stm32f429xx.o(.text)
    OTG_HS_WKUP_IRQHandler                   0x080002bf   Thumb Code     0  startup_stm32f429xx.o(.text)
    PVD_IRQHandler                           0x080002bf   Thumb Code     0  startup_stm32f429xx.o(.text)
    RCC_IRQHandler                           0x080002bf   Thumb Code     0  startup_stm32f429xx.o(.text)
    RTC_Alarm_IRQHandler                     0x080002bf   Thumb Code     0  startup_stm32f429xx.o(.text)
    RTC_WKUP_IRQHandler                      0x080002bf   Thumb Code     0  startup_stm32f429xx.o(.text)
    SAI1_IRQHandler                          0x080002bf   Thumb Code     0  startup_stm32f429xx.o(.text)
    SDIO_IRQHandler                          0x080002bf   Thumb Code     0  startup_stm32f429xx.o(.text)
    SPI1_IRQHandler                          0x080002bf   Thumb Code     0  startup_stm32f429xx.o(.text)
    SPI2_IRQHandler                          0x080002bf   Thumb Code     0  startup_stm32f429xx.o(.text)
    SPI3_IRQHandler                          0x080002bf   Thumb Code     0  startup_stm32f429xx.o(.text)
    SPI4_IRQHandler                          0x080002bf   Thumb Code     0  startup_stm32f429xx.o(.text)
    SPI5_IRQHandler                          0x080002bf   Thumb Code     0  startup_stm32f429xx.o(.text)
    SPI6_IRQHandler                          0x080002bf   Thumb Code     0  startup_stm32f429xx.o(.text)
    TAMP_STAMP_IRQHandler                    0x080002bf   Thumb Code     0  startup_stm32f429xx.o(.text)
    TIM1_BRK_TIM9_IRQHandler                 0x080002bf   Thumb Code     0  startup_stm32f429xx.o(.text)
    TIM1_CC_IRQHandler                       0x080002bf   Thumb Code     0  startup_stm32f429xx.o(.text)
    TIM1_TRG_COM_TIM11_IRQHandler            0x080002bf   Thumb Code     0  startup_stm32f429xx.o(.text)
    TIM1_UP_TIM10_IRQHandler                 0x080002bf   Thumb Code     0  startup_stm32f429xx.o(.text)
    TIM2_IRQHandler                          0x080002bf   Thumb Code     0  startup_stm32f429xx.o(.text)
    TIM4_IRQHandler                          0x080002bf   Thumb Code     0  startup_stm32f429xx.o(.text)
    TIM5_IRQHandler                          0x080002bf   Thumb Code     0  startup_stm32f429xx.o(.text)
    TIM6_DAC_IRQHandler                      0x080002bf   Thumb Code     0  startup_stm32f429xx.o(.text)
    TIM7_IRQHandler                          0x080002bf   Thumb Code     0  startup_stm32f429xx.o(.text)
    TIM8_BRK_TIM12_IRQHandler                0x080002bf   Thumb Code     0  startup_stm32f429xx.o(.text)
    TIM8_CC_IRQHandler                       0x080002bf   Thumb Code     0  startup_stm32f429xx.o(.text)
    TIM8_TRG_COM_TIM14_IRQHandler            0x080002bf   Thumb Code     0  startup_stm32f429xx.o(.text)
    TIM8_UP_TIM13_IRQHandler                 0x080002bf   Thumb Code     0  startup_stm32f429xx.o(.text)
    UART4_IRQHandler                         0x080002bf   Thumb Code     0  startup_stm32f429xx.o(.text)
    UART5_IRQHandler                         0x080002bf   Thumb Code     0  startup_stm32f429xx.o(.text)
    UART7_IRQHandler                         0x080002bf   Thumb Code     0  startup_stm32f429xx.o(.text)
    UART8_IRQHandler                         0x080002bf   Thumb Code     0  startup_stm32f429xx.o(.text)
    USART2_IRQHandler                        0x080002bf   Thumb Code     0  startup_stm32f429xx.o(.text)
    USART3_IRQHandler                        0x080002bf   Thumb Code     0  startup_stm32f429xx.o(.text)
    USART6_IRQHandler                        0x080002bf   Thumb Code     0  startup_stm32f429xx.o(.text)
    WWDG_IRQHandler                          0x080002bf   Thumb Code     0  startup_stm32f429xx.o(.text)
    __aeabi_memcpy                           0x080002d1   Thumb Code    36  memcpya.o(.text)
    __aeabi_memcpy4                          0x080002d1   Thumb Code     0  memcpya.o(.text)
    __aeabi_memcpy8                          0x080002d1   Thumb Code     0  memcpya.o(.text)
    __aeabi_memset                           0x080002f5   Thumb Code    14  memseta.o(.text)
    __aeabi_memset4                          0x080002f5   Thumb Code     0  memseta.o(.text)
    __aeabi_memset8                          0x080002f5   Thumb Code     0  memseta.o(.text)
    __aeabi_memclr                           0x08000303   Thumb Code     4  memseta.o(.text)
    __aeabi_memclr4                          0x08000303   Thumb Code     0  memseta.o(.text)
    __aeabi_memclr8                          0x08000303   Thumb Code     0  memseta.o(.text)
    memset                                   0x08000307   Thumb Code    18  memseta.o(.text)
    __aeabi_dadd                             0x08000319   Thumb Code   322  dadd.o(.text)
    __aeabi_dsub                             0x0800045b   Thumb Code     6  dadd.o(.text)
    __aeabi_drsub                            0x08000461   Thumb Code     6  dadd.o(.text)
    __aeabi_dmul                             0x08000467   Thumb Code   228  dmul.o(.text)
    __aeabi_ddiv                             0x0800054b   Thumb Code   222  ddiv.o(.text)
    __aeabi_i2d                              0x08000629   Thumb Code    34  dflti.o(.text)
    __aeabi_ui2d                             0x0800064b   Thumb Code    26  dfltui.o(.text)
    __aeabi_d2iz                             0x08000665   Thumb Code    62  dfixi.o(.text)
    __aeabi_cdcmpeq                          0x080006a5   Thumb Code     0  cdcmple.o(.text)
    __aeabi_cdcmple                          0x080006a5   Thumb Code    48  cdcmple.o(.text)
    __aeabi_d2f                              0x080006d5   Thumb Code    56  d2f.o(.text)
    __aeabi_uldivmod                         0x0800070d   Thumb Code    98  uldiv.o(.text)
    __aeabi_llsl                             0x0800076f   Thumb Code    30  llshl.o(.text)
    _ll_shift_l                              0x0800076f   Thumb Code     0  llshl.o(.text)
    __aeabi_llsr                             0x0800078d   Thumb Code    32  llushr.o(.text)
    _ll_ushift_r                             0x0800078d   Thumb Code     0  llushr.o(.text)
    __aeabi_lasr                             0x080007ad   Thumb Code    36  llsshr.o(.text)
    _ll_sshift_r                             0x080007ad   Thumb Code     0  llsshr.o(.text)
    __I$use$fp                               0x080007d1   Thumb Code     0  iusefp.o(.text)
    _float_round                             0x080007d1   Thumb Code    18  fepilogue.o(.text)
    _float_epilogue                          0x080007e3   Thumb Code    92  fepilogue.o(.text)
    _double_round                            0x0800083f   Thumb Code    30  depilogue.o(.text)
    _double_epilogue                         0x0800085d   Thumb Code   156  depilogue.o(.text)
    __ARM_scalbn                             0x080008f9   Thumb Code    46  dscalb.o(.text)
    scalbn                                   0x080008f9   Thumb Code     0  dscalb.o(.text)
    __aeabi_cdrcmple                         0x08000929   Thumb Code    48  cdrcmple.o(.text)
    __scatterload                            0x08000959   Thumb Code    28  init.o(.text)
    __scatterload_rt2                        0x08000959   Thumb Code     0  init.o(.text)
    _dsqrt                                   0x0800097d   Thumb Code   162  dsqrt.o(.text)
    __decompress                             0x08000a1f   Thumb Code     0  __dczerorl2.o(.text)
    __decompress1                            0x08000a1f   Thumb Code    86  __dczerorl2.o(.text)
    ApplyLpf                                 0x08000b8d   Thumb Code    96  uavmath.o(i.ApplyLpf)
    AttiEstiTask                             0x08000bed   Thumb Code   190  atti_esti.o(i.AttiEstiTask)
    BMP280_Init                              0x0800112d   Thumb Code   406  bmp280.o(i.BMP280_Init)
    BMP280_SetWorkMode                       0x0800130d   Thumb Code    22  bmp280.o(i.BMP280_SetWorkMode)
    BusFault_Handler                         0x0800132d   Thumb Code     2  stm32f4xx_it.o(i.BusFault_Handler)
    ControlTask                              0x08001331   Thumb Code   636  control.o(i.ControlTask)
    DMA1_Stream7_IRQHandler                  0x08001619   Thumb Code     6  rgbled.o(i.DMA1_Stream7_IRQHandler)
    DMA2_Stream5_IRQHandler                  0x08001625   Thumb Code     6  debug.o(i.DMA2_Stream5_IRQHandler)
    DebugMon_Handler                         0x08001681   Thumb Code     2  stm32f4xx_it.o(i.DebugMon_Handler)
    DelayInit                                0x08001685   Thumb Code    50  delay.o(i.DelayInit)
    DelayMs                                  0x080016bd   Thumb Code    52  delay.o(i.DelayMs)
    DelayUs                                  0x080016f5   Thumb Code    48  delay.o(i.DelayUs)
    Dof10Task                                0x08001729   Thumb Code   332  dof10.o(i.Dof10Task)
    Dof3Deg2Rad                              0x0800187d   Thumb Code    42  uavmath.o(i.Dof3Deg2Rad)
    Eular2Quat                               0x080018ad   Thumb Code   216  uavmath.o(i.Eular2Quat)
    GetAttiEularApi                          0x08001989   Thumb Code    12  atti_esti.o(i.GetAttiEularApi)
    GetBmp280AltiApi                         0x08001999   Thumb Code   136  bmp280.o(i.GetBmp280AltiApi)
    GetBmp280PressureApi                     0x08001a59   Thumb Code    46  bmp280.o(i.GetBmp280PressureApi)
    GetBmp280TempeperaturePressureApi        0x08001a87   Thumb Code    36  bmp280.o(i.GetBmp280TempeperaturePressureApi)
    GetBmp280TemperatureApi                  0x08001aab   Thumb Code    46  bmp280.o(i.GetBmp280TemperatureApi)
    GetDof10RawDataApi                       0x08001ad9   Thumb Code     8  dof10.o(i.GetDof10RawDataApi)
    GetDof6LpfDataApi                        0x08001ae5   Thumb Code     8  dof10.o(i.GetDof6LpfDataApi)
    GetDof9CaliDataApi                       0x08001af1   Thumb Code     8  dof10.o(i.GetDof9CaliDataApi)
    GetFlyModeApi                            0x08001afd   Thumb Code     6  rc.o(i.GetFlyModeApi)
    GetFuseVelApi                            0x08001b09   Thumb Code     8  pos_esti.o(i.GetFuseVelApi)
    GetInitEularApi                          0x08001cb9   Thumb Code    12  atti_esti.o(i.GetInitEularApi)
    GetLockStateApi                          0x08001cc9   Thumb Code     6  rc.o(i.GetLockStateApi)
    GetMpu9250AccApi                         0x08001cd5   Thumb Code   128  mpu9250.o(i.GetMpu9250AccApi)
    GetMpu9250GyroApi                        0x08001d5d   Thumb Code   126  mpu9250.o(i.GetMpu9250GyroApi)
    GetMpu9250MagApi                         0x08001de5   Thumb Code   116  mpu9250.o(i.GetMpu9250MagApi)
    HAL_DMA_Abort                            0x08001f05   Thumb Code    82  stm32f4xx_hal_dma.o(i.HAL_DMA_Abort)
    HAL_DMA_DeInit                           0x08001f57   Thumb Code    86  stm32f4xx_hal_dma.o(i.HAL_DMA_DeInit)
    HAL_DMA_IRQHandler                       0x08001fad   Thumb Code   414  stm32f4xx_hal_dma.o(i.HAL_DMA_IRQHandler)
    HAL_DMA_Init                             0x08002151   Thumb Code   116  stm32f4xx_hal_dma.o(i.HAL_DMA_Init)
    HAL_DMA_Start_IT                         0x080021c9   Thumb Code    78  stm32f4xx_hal_dma.o(i.HAL_DMA_Start_IT)
    HAL_GPIO_Init                            0x08002219   Thumb Code   412  stm32f4xx_hal_gpio.o(i.HAL_GPIO_Init)
    HAL_GetREVID                             0x080023e5   Thumb Code     8  stm32f4xx_hal.o(i.HAL_GetREVID)
    HAL_GetTick                              0x080023f1   Thumb Code     6  stm32f4xx_hal.o(i.HAL_GetTick)
    HAL_Init                                 0x080023fd   Thumb Code    48  stm32f4xx_hal.o(i.HAL_Init)
    HAL_InitTick                             0x08002431   Thumb Code    34  stm32f4xx_hal.o(i.HAL_InitTick)
    HAL_MspInit                              0x08002453   Thumb Code     8  stm32f4xx_hal.o(i.HAL_MspInit)
    HAL_NVIC_EnableIRQ                       0x0800245b   Thumb Code    22  stm32f4xx_hal_cortex.o(i.HAL_NVIC_EnableIRQ)
    HAL_NVIC_SetPriority                     0x08002471   Thumb Code    60  stm32f4xx_hal_cortex.o(i.HAL_NVIC_SetPriority)
    HAL_NVIC_SetPriorityGrouping             0x080024b1   Thumb Code    26  stm32f4xx_hal_cortex.o(i.HAL_NVIC_SetPriorityGrouping)
    HAL_RCC_ClockConfig                      0x080024d5   Thumb Code   512  stm32f4xx_hal_rcc.o(i.HAL_RCC_ClockConfig)
    HAL_RCC_GetHCLKFreq                      0x080026dd   Thumb Code    38  stm32f4xx_hal_rcc.o(i.HAL_RCC_GetHCLKFreq)
    HAL_RCC_GetPCLK1Freq                     0x08002711   Thumb Code    36  stm32f4xx_hal_rcc.o(i.HAL_RCC_GetPCLK1Freq)
    HAL_RCC_GetPCLK2Freq                     0x0800273d   Thumb Code    36  stm32f4xx_hal_rcc.o(i.HAL_RCC_GetPCLK2Freq)
    HAL_RCC_GetSysClockFreq                  0x08002769   Thumb Code   104  stm32f4xx_hal_rcc.o(i.HAL_RCC_GetSysClockFreq)
    HAL_RCC_OscConfig                        0x080027d9   Thumb Code   774  stm32f4xx_hal_rcc.o(i.HAL_RCC_OscConfig)
    HAL_SPI_Init                             0x08002af5   Thumb Code   132  stm32f4xx_hal_spi.o(i.HAL_SPI_Init)
    HAL_SPI_MspInit                          0x08002b79   Thumb Code   110  spi.o(i.HAL_SPI_MspInit)
    HAL_SPI_TransmitReceive                  0x08002bf5   Thumb Code   682  stm32f4xx_hal_spi.o(i.HAL_SPI_TransmitReceive)
    HAL_SYSTICK_CLKSourceConfig              0x08002e9f   Thumb Code    24  stm32f4xx_hal_cortex.o(i.HAL_SYSTICK_CLKSourceConfig)
    HAL_SYSTICK_Config                       0x08002eb7   Thumb Code    40  stm32f4xx_hal_cortex.o(i.HAL_SYSTICK_Config)
    HAL_TIMEx_BreakCallback                  0x08002edf   Thumb Code     2  stm32f4xx_hal_tim_ex.o(i.HAL_TIMEx_BreakCallback)
    HAL_TIMEx_CommutationCallback            0x08002ee1   Thumb Code     2  stm32f4xx_hal_tim_ex.o(i.HAL_TIMEx_CommutationCallback)
    HAL_TIM_ErrorCallback                    0x08002ee3   Thumb Code     2  stm32f4xx_hal_tim.o(i.HAL_TIM_ErrorCallback)
    HAL_TIM_IC_CaptureCallback               0x08002ee5   Thumb Code     2  stm32f4xx_hal_tim.o(i.HAL_TIM_IC_CaptureCallback)
    HAL_TIM_IRQHandler                       0x08002ee7   Thumb Code   358  stm32f4xx_hal_tim.o(i.HAL_TIM_IRQHandler)
    HAL_TIM_OC_DelayElapsedCallback          0x0800304d   Thumb Code     2  stm32f4xx_hal_tim.o(i.HAL_TIM_OC_DelayElapsedCallback)
    HAL_TIM_PWM_ConfigChannel                0x0800304f   Thumb Code   208  stm32f4xx_hal_tim.o(i.HAL_TIM_PWM_ConfigChannel)
    HAL_TIM_PWM_Init                         0x0800311f   Thumb Code    54  stm32f4xx_hal_tim.o(i.HAL_TIM_PWM_Init)
    HAL_TIM_PWM_MspInit                      0x08003155   Thumb Code    74  motor.o(i.HAL_TIM_PWM_MspInit)
    HAL_TIM_PWM_PulseFinishedCallback        0x080031a9   Thumb Code    12  rgbled.o(i.HAL_TIM_PWM_PulseFinishedCallback)
    HAL_TIM_PWM_Start                        0x080031b5   Thumb Code    48  stm32f4xx_hal_tim.o(i.HAL_TIM_PWM_Start)
    HAL_TIM_PWM_Start_DMA                    0x080031ed   Thumb Code   222  stm32f4xx_hal_tim.o(i.HAL_TIM_PWM_Start_DMA)
    HAL_TIM_PWM_Stop_DMA                     0x080032dd   Thumb Code   134  stm32f4xx_hal_tim.o(i.HAL_TIM_PWM_Stop_DMA)
    HAL_TIM_PeriodElapsedCallback            0x0800336d   Thumb Code     2  stm32f4xx_hal_tim.o(i.HAL_TIM_PeriodElapsedCallback)
    HAL_TIM_TriggerCallback                  0x0800336f   Thumb Code     2  stm32f4xx_hal_tim.o(i.HAL_TIM_TriggerCallback)
    HAL_UART_DMAStop                         0x08003371   Thumb Code    50  stm32f4xx_hal_uart.o(i.HAL_UART_DMAStop)
    HAL_UART_ErrorCallback                   0x080033a3   Thumb Code     2  stm32f4xx_hal_uart.o(i.HAL_UART_ErrorCallback)
    HAL_UART_IRQHandler                      0x080033a5   Thumb Code   244  stm32f4xx_hal_uart.o(i.HAL_UART_IRQHandler)
    HAL_UART_Init                            0x08003499   Thumb Code    94  stm32f4xx_hal_uart.o(i.HAL_UART_Init)
    HAL_UART_MspInit                         0x080034f7   Thumb Code     2  stm32f4xx_hal_uart.o(i.HAL_UART_MspInit)
    HAL_UART_RxCpltCallback                  0x080034f9   Thumb Code     2  stm32f4xx_hal_uart.o(i.HAL_UART_RxCpltCallback)
    HAL_UART_Transmit_DMA                    0x080034fd   Thumb Code   132  stm32f4xx_hal_uart.o(i.HAL_UART_Transmit_DMA)
    HAL_UART_TxCpltCallback                  0x0800358d   Thumb Code     2  stm32f4xx_hal_uart.o(i.HAL_UART_TxCpltCallback)
    HAL_UART_TxHalfCpltCallback              0x0800358f   Thumb Code     2  stm32f4xx_hal_uart.o(i.HAL_UART_TxHalfCpltCallback)
    HardFault_Handler                        0x08003591   Thumb Code     2  stm32f4xx_it.o(i.HardFault_Handler)
    IIC_Ack                                  0x08003595   Thumb Code    54  iic.o(i.IIC_Ack)
    IIC_Init                                 0x080035d5   Thumb Code    58  iic.o(i.IIC_Init)
    IIC_NAck                                 0x0800361d   Thumb Code    56  iic.o(i.IIC_NAck)
    IIC_ReadAddrRegByte                      0x0800365d   Thumb Code    50  iic.o(i.IIC_ReadAddrRegByte)
    IIC_ReadAddrRegBytes                     0x0800368f   Thumb Code    90  iic.o(i.IIC_ReadAddrRegBytes)
    IIC_ReadByte                             0x080036e9   Thumb Code    26  iic.o(i.IIC_ReadByte)
    IIC_RecvByte                             0x08003705   Thumb Code    80  iic.o(i.IIC_RecvByte)
    IIC_SendByte                             0x0800375d   Thumb Code    86  iic.o(i.IIC_SendByte)
    IIC_Start                                0x080037bd   Thumb Code    54  iic.o(i.IIC_Start)
    IIC_Stop                                 0x080037fd   Thumb Code    56  iic.o(i.IIC_Stop)
    IIC_WaitAck                              0x0800383d   Thumb Code    74  iic.o(i.IIC_WaitAck)
    IIC_WriteAddrRegByte                     0x08003891   Thumb Code    72  iic.o(i.IIC_WriteAddrRegByte)
    IIC_WriteByte                            0x08003909   Thumb Code    14  iic.o(i.IIC_WriteByte)
    LimitFloat                               0x08004419   Thumb Code    36  uavmath.o(i.LimitFloat)
    LinearMapping                            0x0800443d   Thumb Code    30  uavmath.o(i.LinearMapping)
    MPU9250_Init                             0x0800445d   Thumb Code   178  mpu9250.o(i.MPU9250_Init)
    MPU9250_SetAccelFsr                      0x08004571   Thumb Code    12  mpu9250.o(i.MPU9250_SetAccelFsr)
    MPU9250_SetGyroFsr                       0x0800457d   Thumb Code    12  mpu9250.o(i.MPU9250_SetGyroFsr)
    MPU9250_SetLPF                           0x08004589   Thumb Code    50  mpu9250.o(i.MPU9250_SetLPF)
    MPU9250_SetRate                          0x080045bb   Thumb Code    48  mpu9250.o(i.MPU9250_SetRate)
    Mean                                     0x080045ed   Thumb Code    50  uavmath.o(i.Mean)
    MemManage_Handler                        0x08004625   Thumb Code     2  stm32f4xx_it.o(i.MemManage_Handler)
    NMI_Handler                              0x080046b1   Thumb Code     2  stm32f4xx_it.o(i.NMI_Handler)
    NRF24L01_Check                           0x080046b5   Thumb Code    62  nrf.o(i.NRF24L01_Check)
    NRF24L01_Init                            0x080046fd   Thumb Code   106  nrf.o(i.NRF24L01_Init)
    NRF24L01_RX_Mode                         0x08004791   Thumb Code    78  nrf.o(i.NRF24L01_RX_Mode)
    NRF24L01_Read_Buf                        0x080047e9   Thumb Code    54  nrf.o(i.NRF24L01_Read_Buf)
    NRF24L01_Read_Reg                        0x08004825   Thumb Code    30  nrf.o(i.NRF24L01_Read_Reg)
    NRF24L01_RxPacket                        0x08004849   Thumb Code    50  nrf.o(i.NRF24L01_RxPacket)
    NRF24L01_Write_Buf                       0x0800487d   Thumb Code    54  nrf.o(i.NRF24L01_Write_Buf)
    NRF24L01_Write_Reg                       0x080048b9   Thumb Code    40  nrf.o(i.NRF24L01_Write_Reg)
    Norm3                                    0x08004905   Thumb Code    28  uavmath.o(i.Norm3)
    NormQuat                                 0x08004921   Thumb Code    98  uavmath.o(i.NormQuat)
    PidP_Update                              0x08004a3d   Thumb Code    38  controller.o(i.PidP_Update)
    PidUpdate                                0x08004a65   Thumb Code   212  controller.o(i.PidUpdate)
    PointAttiEularApi                        0x08004b49   Thumb Code     4  atti_esti.o(i.PointAttiEularApi)
    PointDof10RawDataApi                     0x08004b51   Thumb Code     4  dof10.o(i.PointDof10RawDataApi)
    PointDof6LpfDataApi                      0x08004b59   Thumb Code     4  dof10.o(i.PointDof6LpfDataApi)
    PointEarthAccApi                         0x08004b61   Thumb Code     4  pos_esti.o(i.PointEarthAccApi)
    PointFusePosApi                          0x08004b69   Thumb Code     4  pos_esti.o(i.PointFusePosApi)
    PointFuseVelApi                          0x08004b71   Thumb Code     4  pos_esti.o(i.PointFuseVelApi)
    PointMotorDutyApi                        0x08004b79   Thumb Code     4  control.o(i.PointMotorDutyApi)
    PointRawPosApi                           0x08004b81   Thumb Code     4  pos_esti.o(i.PointRawPosApi)
    PointRcApi                               0x08004b89   Thumb Code     4  rc.o(i.PointRcApi)
    PointRcmApi                              0x08004b91   Thumb Code     4  rc.o(i.PointRcmApi)
    PosEstiTask                              0x08004b99   Thumb Code   406  pos_esti.o(i.PosEstiTask)
    PrintDataApi                             0x08004e15   Thumb Code   142  debug.o(i.PrintDataApi)
    PrintDataTask                            0x08004eb1   Thumb Code   134  debug.o(i.PrintDataTask)
    Quat2Rbe                                 0x08005005   Thumb Code   282  uavmath.o(i.Quat2Rbe)
    RcCmd2Rc                                 0x080051a5   Thumb Code    58  rc.o(i.RcCmd2Rc)
    RcCmd_Buf2Frame                          0x080051df   Thumb Code    84  communicate.o(i.RcCmd_Buf2Frame)
    RcTask                                   0x080054b5   Thumb Code    98  rc.o(i.RcTask)
    ResetPid                                 0x08005521   Thumb Code    46  controller.o(i.ResetPid)
    RgbLedTask                               0x08005555   Thumb Code    68  rgbled.o(i.RgbLedTask)
    SPI2_Init                                0x0800559d   Thumb Code    46  spi.o(i.SPI2_Init)
    SPI2_ReadWriteApi                        0x080055d5   Thumb Code    34  spi.o(i.SPI2_ReadWriteApi)
    SPI2_SetSpeedApi                         0x080055fd   Thumb Code    46  spi.o(i.SPI2_SetSpeedApi)
    SendEularAngle                           0x080056cf   Thumb Code   134  communicate.o(i.SendEularAngle)
    SetFourMotorsSpinSlowly                  0x08005755   Thumb Code    66  motor.o(i.SetFourMotorsSpinSlowly)
    SetLedColor                              0x08005851   Thumb Code   140  rgbled.o(i.SetLedColor)
    SetLpfCutoffFreq                         0x080059fd   Thumb Code   158  uavmath.o(i.SetLpfCutoffFreq)
    SetMotorDutyApi                          0x08005aa9   Thumb Code    38  motor.o(i.SetMotorDutyApi)
    SetMotorsStopApi                         0x08005ad5   Thumb Code    38  motor.o(i.SetMotorsStopApi)
    SetPidParam                              0x08005afb   Thumb Code    58  controller.o(i.SetPidParam)
    Std                                      0x08005b35   Thumb Code    14  uavmath.o(i.Std)
    SysClockInit                             0x08005b45   Thumb Code   134  sys.o(i.SysClockInit)
    SysTick_Handler                          0x08005bd9   Thumb Code    20  delay.o(i.SysTick_Handler)
    SystemInit                               0x08005bed   Thumb Code    66  system_stm32f4xx.o(i.SystemInit)
    TIM1_PWM_Init                            0x08005c41   Thumb Code   120  motor.o(i.TIM1_PWM_Init)
    TIM3_IRQHandler                          0x08005cc1   Thumb Code     6  rgbled.o(i.TIM3_IRQHandler)
    TIM3_PWM_Init                            0x08005ccd   Thumb Code   218  rgbled.o(i.TIM3_PWM_Init)
    TIM_Base_SetConfig                       0x08005dbd   Thumb Code   148  stm32f4xx_hal_tim.o(i.TIM_Base_SetConfig)
    TIM_CCxChannelCmd                        0x08005e7d   Thumb Code    22  stm32f4xx_hal_tim.o(i.TIM_CCxChannelCmd)
    TIM_DMADelayPulseCplt                    0x08005e93   Thumb Code    62  stm32f4xx_hal_tim.o(i.TIM_DMADelayPulseCplt)
    TIM_DMAError                             0x08005ed1   Thumb Code    16  stm32f4xx_hal_tim.o(i.TIM_DMAError)
    TIM_OC2_SetConfig                        0x08005f39   Thumb Code    90  stm32f4xx_hal_tim.o(i.TIM_OC2_SetConfig)
    USART1_IRQHandler                        0x08006325   Thumb Code    50  debug.o(i.USART1_IRQHandler)
    USART1_Init                              0x08006361   Thumb Code   252  debug.o(i.USART1_Init)
    UsageFault_Handler                       0x08006471   Thumb Code     2  stm32f4xx_it.o(i.UsageFault_Handler)
    Var                                      0x08006475   Thumb Code    72  uavmath.o(i.Var)
    VectorBody2Earth                         0x080064c1   Thumb Code    88  atti_esti.o(i.VectorBody2Earth)
    VectorEarth2Body                         0x0800651d   Thumb Code    88  atti_esti.o(i.VectorEarth2Body)
    WaitImuValid                             0x08006579   Thumb Code    94  dof10.o(i.WaitImuValid)
    __0printf$5                              0x080065f9   Thumb Code    22  printf5.o(i.__0printf$5)
    __1printf$5                              0x080065f9   Thumb Code     0  printf5.o(i.__0printf$5)
    __2printf                                0x080065f9   Thumb Code     0  printf5.o(i.__0printf$5)
    __ARM_fpclassify                         0x08006619   Thumb Code    48  fpclassify.o(i.__ARM_fpclassify)
    __ARM_fpclassifyf                        0x08006649   Thumb Code    38  fpclassifyf.o(i.__ARM_fpclassifyf)
    __hardfp_asinf                           0x08006671   Thumb Code   258  asinf.o(i.__hardfp_asinf)
    __hardfp_atan2f                          0x0800679d   Thumb Code   594  atan2f.o(i.__hardfp_atan2f)
    __hardfp_cosf                            0x08006a49   Thumb Code   280  cosf.o(i.__hardfp_cosf)
    __hardfp_fabs                            0x08006b99   Thumb Code    20  fabs.o(i.__hardfp_fabs)
    __hardfp_pow                             0x08006bb1   Thumb Code  3072  pow.o(i.__hardfp_pow)
    __hardfp_sinf                            0x08007801   Thumb Code   344  sinf.o(i.__hardfp_sinf)
    __hardfp_sqrtf                           0x08007991   Thumb Code    58  sqrtf.o(i.__hardfp_sqrtf)
    __hardfp_tanf                            0x080079cd   Thumb Code   322  tanf.o(i.__hardfp_tanf)
    __kernel_poly                            0x08007b49   Thumb Code   248  poly.o(i.__kernel_poly)
    __mathlib_dbl_divzero                    0x08007c41   Thumb Code    28  dunder.o(i.__mathlib_dbl_divzero)
    __mathlib_dbl_infnan2                    0x08007c71   Thumb Code    20  dunder.o(i.__mathlib_dbl_infnan2)
    __mathlib_dbl_invalid                    0x08007c89   Thumb Code    24  dunder.o(i.__mathlib_dbl_invalid)
    __mathlib_dbl_overflow                   0x08007ca9   Thumb Code    24  dunder.o(i.__mathlib_dbl_overflow)
    __mathlib_dbl_underflow                  0x08007cc9   Thumb Code    24  dunder.o(i.__mathlib_dbl_underflow)
    __mathlib_flt_infnan                     0x08007ce9   Thumb Code     6  funder.o(i.__mathlib_flt_infnan)
    __mathlib_flt_infnan2                    0x08007cef   Thumb Code     6  funder.o(i.__mathlib_flt_infnan2)
    __mathlib_flt_invalid                    0x08007cf5   Thumb Code    10  funder.o(i.__mathlib_flt_invalid)
    __mathlib_flt_underflow                  0x08007d05   Thumb Code    10  funder.o(i.__mathlib_flt_underflow)
    __mathlib_rredf2                         0x08007d15   Thumb Code   316  rredf.o(i.__mathlib_rredf2)
    __scatterload_copy                       0x08007e69   Thumb Code    14  handlers.o(i.__scatterload_copy)
    __scatterload_null                       0x08007e77   Thumb Code     2  handlers.o(i.__scatterload_null)
    __scatterload_zeroinit                   0x08007e79   Thumb Code    14  handlers.o(i.__scatterload_zeroinit)
    __set_errno                              0x08007e89   Thumb Code     6  errno.o(i.__set_errno)
    arm_mat_add_f32                          0x08008155   Thumb Code   120  arm_mat_add_f32.o(i.arm_mat_add_f32)
    arm_mat_init_f32                         0x080081cd   Thumb Code     8  arm_mat_init_f32.o(i.arm_mat_init_f32)
    arm_mat_inverse_f32                      0x080081d5   Thumb Code   592  arm_mat_inverse_f32.o(i.arm_mat_inverse_f32)
    arm_mat_mult_f32                         0x08008429   Thumb Code   212  arm_mat_mult_f32.o(i.arm_mat_mult_f32)
    arm_mat_sub_f32                          0x08008501   Thumb Code   120  arm_mat_sub_f32.o(i.arm_mat_sub_f32)
    arm_mat_trans_f32                        0x08008579   Thumb Code   124  arm_mat_trans_f32.o(i.arm_mat_trans_f32)
    fabs                                     0x080085f5   Thumb Code    24  fabs.o(i.fabs)
    fputc                                    0x0800860d   Thumb Code    14  debug.o(i.fputc)
    main                                     0x08008621   Thumb Code   182  main.o(i.main)
    pvPortMalloc                             0x08008ea9   Thumb Code   216  heap_4.o(i.pvPortMalloc)
    pxPortInitialiseStack                    0x08008f85   Thumb Code    40  port.o(i.pxPortInitialiseStack)
    sqrt                                     0x08008fb1   Thumb Code   110  sqrt.o(i.sqrt)
    sqrtf                                    0x0800901f   Thumb Code    62  sqrtf.o(i.sqrtf)
    uxListRemove                             0x0800905d   Thumb Code    38  list.o(i.uxListRemove)
    vListInitialise                          0x08009083   Thumb Code    22  list.o(i.vListInitialise)
    vListInitialiseItem                      0x08009099   Thumb Code     6  list.o(i.vListInitialiseItem)
    vListInsert                              0x0800909f   Thumb Code    48  list.o(i.vListInsert)
    vListInsertEnd                           0x080090cf   Thumb Code    24  list.o(i.vListInsertEnd)
    vPortEnterCritical                       0x080090e9   Thumb Code    54  port.o(i.vPortEnterCritical)
    vPortExitCritical                        0x08009129   Thumb Code    34  port.o(i.vPortExitCritical)
    vPortFree                                0x08009151   Thumb Code    94  heap_4.o(i.vPortFree)
    vPortSetupTimerInterrupt                 0x080091b5   Thumb Code    32  port.o(i.vPortSetupTimerInterrupt)
    vPortValidateInterruptPriority           0x080091d9   Thumb Code    74  port.o(i.vPortValidateInterruptPriority)
    vQueueAddToRegistry                      0x0800922d   Thumb Code    32  queue.o(i.vQueueAddToRegistry)
    vQueueWaitForMessageRestricted           0x08009251   Thumb Code    68  queue.o(i.vQueueWaitForMessageRestricted)
    vTaskDelay                               0x08009295   Thumb Code    66  tasks.o(i.vTaskDelay)
    vTaskDelayUntil                          0x080092e1   Thumb Code   136  tasks.o(i.vTaskDelayUntil)
    vTaskInternalSetTimeOutState             0x08009371   Thumb Code    12  tasks.o(i.vTaskInternalSetTimeOutState)
    vTaskMissedYield                         0x08009381   Thumb Code     8  tasks.o(i.vTaskMissedYield)
    vTaskPlaceOnEventList                    0x0800938d   Thumb Code    44  tasks.o(i.vTaskPlaceOnEventList)
    vTaskPlaceOnEventListRestricted          0x080093bd   Thumb Code    52  tasks.o(i.vTaskPlaceOnEventListRestricted)
    vTaskStartScheduler                      0x080093f5   Thumb Code    94  tasks.o(i.vTaskStartScheduler)
    vTaskSuspendAll                          0x08009465   Thumb Code    10  tasks.o(i.vTaskSuspendAll)
    vTaskSwitchContext                       0x08009475   Thumb Code    82  tasks.o(i.vTaskSwitchContext)
    xPortStartScheduler                      0x080094d1   Thumb Code   224  port.o(i.xPortStartScheduler)
    xPortSysTickHandler                      0x080095c5   Thumb Code    38  port.o(i.xPortSysTickHandler)
    xQueueGenericCreate                      0x080095f1   Thumb Code    76  queue.o(i.xQueueGenericCreate)
    xQueueGenericReset                       0x0800963d   Thumb Code   132  queue.o(i.xQueueGenericReset)
    xQueueGenericSend                        0x080096c5   Thumb Code   350  queue.o(i.xQueueGenericSend)
    xQueueGenericSendFromISR                 0x08009829   Thumb Code   190  queue.o(i.xQueueGenericSendFromISR)
    xQueueReceive                            0x080098e9   Thumb Code   308  queue.o(i.xQueueReceive)
    xTaskCheckForTimeOut                     0x08009a21   Thumb Code   112  tasks.o(i.xTaskCheckForTimeOut)
    xTaskCreate                              0x08009a95   Thumb Code    86  tasks.o(i.xTaskCreate)
    xTaskGetSchedulerState                   0x08009aed   Thumb Code    22  tasks.o(i.xTaskGetSchedulerState)
    xTaskGetTickCount                        0x08009b09   Thumb Code     6  tasks.o(i.xTaskGetTickCount)
    xTaskIncrementTick                       0x08009b15   Thumb Code   194  tasks.o(i.xTaskIncrementTick)
    xTaskPriorityDisinherit                  0x08009be1   Thumb Code   144  tasks.o(i.xTaskPriorityDisinherit)
    xTaskRemoveFromEventList                 0x08009c79   Thumb Code   108  tasks.o(i.xTaskRemoveFromEventList)
    xTaskResumeAll                           0x08009ced   Thumb Code   182  tasks.o(i.xTaskResumeAll)
    xTimerCreateTimerTask                    0x08009db1   Thumb Code    58  timers.o(i.xTimerCreateTimerTask)
    xTimerGenericCommand                     0x08009dfd   Thumb Code    88  timers.o(i.xTimerGenericCommand)
    TX_ADDRESS                               0x08009f7b   Data           5  nrf.o(.constdata)
    RX_ADDRESS                               0x08009f80   Data           5  nrf.o(.constdata)
    APBAHBPrescTable                         0x08009f85   Data          16  stm32f4xx_hal_rcc.o(.constdata)
    __mathlib_zero                           0x0800a028   Data           8  qnan.o(.constdata)
    Region$$Table$$Base                      0x0800a050   Number         0  anon$$obj.o(Region$$Table)
    Region$$Table$$Limit                     0x0800a070   Number         0  anon$$obj.o(Region$$Table)
    acc_offset_                              0x20000004   Data          12  dof10.o(.data)
    acc_scale_                               0x20000010   Data          12  dof10.o(.data)
    mag_offset_                              0x2000001c   Data          12  dof10.o(.data)
    mag_scale_                               0x20000028   Data          12  dof10.o(.data)
    quat_                                    0x20000090   Data          20  atti_esti.o(.data)
    flymode_                                 0x200002d0   Data           1  rc.o(.data)
    lockstate_                               0x200002d1   Data           1  rc.o(.data)
    duty_                                    0x200002d6   Data           8  control.o(.data)
    pid_pz_                                  0x20000350   Data          20  control.o(.data)
    pid_roll_                                0x20000364   Data          20  control.o(.data)
    pid_pitch_                               0x20000378   Data          20  control.o(.data)
    pid_yaw_                                 0x2000038c   Data          20  control.o(.data)
    tc_flag                                  0x200003a0   Data           1  debug.o(.data)
    __stdout                                 0x200003a4   Data           4  debug.o(.data)
    SystemCoreClock                          0x200003b4   Data           4  system_stm32f4xx.o(.data)
    AHBPrescTable                            0x200003b8   Data          16  system_stm32f4xx.o(.data)
    pxCurrentTCB                             0x200003cc   Data           4  tasks.o(.data)
    gyro_offset_                             0x2000044c   Data          12  dof10.o(.bss)
    raw_dof10_                               0x20000518   Data          40  dof10.o(.bss)
    cali_dof9_                               0x20000540   Data          36  dof10.o(.bss)
    lpf_dof6_                                0x20000564   Data          24  dof10.o(.bss)
    eular_                                   0x2000057c   Data          16  atti_esti.o(.bss)
    rot_                                     0x2000058c   Data          40  atti_esti.o(.bss)
    eular0_                                  0x200005b4   Data          16  atti_esti.o(.bss)
    quat0_                                   0x200005c4   Data          20  atti_esti.o(.bss)
    rot0_                                    0x200005d8   Data          40  atti_esti.o(.bss)
    acce_                                    0x20000660   Data          12  pos_esti.o(.bss)
    pos_raw_                                 0x2000066c   Data          12  pos_esti.o(.bss)
    pos_fuse_                                0x20000678   Data          12  pos_esti.o(.bss)
    vel_fuse_                                0x20000684   Data          12  pos_esti.o(.bss)
    rc_cmd_                                  0x20000790   Data          16  rc.o(.bss)
    rc_                                      0x200007a0   Data          12  rc.o(.bss)
    rcm_                                     0x200007ac   Data          32  rc.o(.bss)
    pid_vz_                                  0x200007cc   Data          60  control.o(.bss)
    pid_xrate_                               0x20000808   Data          60  control.o(.bss)
    pid_yrate_                               0x20000844   Data          60  control.o(.bss)
    pid_zrate_                               0x20000880   Data          60  control.o(.bss)
    usart1_rx_buf                            0x200008bc   Data          64  debug.o(.bss)
    usart1                                   0x200008fc   Data          64  debug.o(.bss)
    usart1_tx_dma                            0x2000093c   Data          88  debug.o(.bss)
    usart1_rx_dma                            0x20000994   Data          88  debug.o(.bss)
    GPIO_Initure                             0x20000ab0   Data          20  rgbled.o(.bss)
    TIM3_Handler                             0x20000ac4   Data          60  rgbled.o(.bss)
    TIM3_CHxHandler                          0x20000b00   Data          28  rgbled.o(.bss)
    DMA_InitStructure                        0x20000b1c   Data          88  rgbled.o(.bss)
    TIM1_Handler                             0x20000b98   Data          60  motor.o(.bss)
    TIM1_CHxHandler                          0x20000bd4   Data          28  motor.o(.bss)
    hspi2                                    0x20000bf0   Data          88  spi.o(.bss)
    xQueueRegistry                           0x20000c48   Data          64  queue.o(.bss)
    __initial_sp                             0x20011178   Data           0  startup_stm32f429xx.o(STACK)



==============================================================================

Memory Map of the image

  Image Entry point : 0x080001ad

  Load Region LR_IROM1 (Base: 0x08000000, Size: 0x0000a4bc, Max: 0x00080000, ABSOLUTE, COMPRESSED[0x0000a148])

    Execution Region ER_IROM1 (Exec base: 0x08000000, Load base: 0x08000000, Size: 0x0000a070, Max: 0x00080000, ABSOLUTE)

    Exec Addr    Load Addr    Size         Type   Attr      Idx    E Section Name        Object

    0x08000000   0x08000000   0x000001ac   Data   RO         1934    RESET               startup_stm32f429xx.o
    0x080001ac   0x080001ac   0x00000000   Code   RO         6141  * .ARM.Collect$$$$00000000  mc_w.l(entry.o)
    0x080001ac   0x080001ac   0x00000004   Code   RO         6483    .ARM.Collect$$$$00000001  mc_w.l(entry2.o)
    0x080001b0   0x080001b0   0x00000004   Code   RO         6486    .ARM.Collect$$$$00000004  mc_w.l(entry5.o)
    0x080001b4   0x080001b4   0x00000000   Code   RO         6488    .ARM.Collect$$$$00000008  mc_w.l(entry7b.o)
    0x080001b4   0x080001b4   0x00000000   Code   RO         6490    .ARM.Collect$$$$0000000A  mc_w.l(entry8b.o)
    0x080001b4   0x080001b4   0x00000008   Code   RO         6491    .ARM.Collect$$$$0000000B  mc_w.l(entry9a.o)
    0x080001bc   0x080001bc   0x00000004   Code   RO         6498    .ARM.Collect$$$$0000000E  mc_w.l(entry12b.o)
    0x080001c0   0x080001c0   0x00000000   Code   RO         6493    .ARM.Collect$$$$0000000F  mc_w.l(entry10a.o)
    0x080001c0   0x080001c0   0x00000000   Code   RO         6495    .ARM.Collect$$$$00000011  mc_w.l(entry11a.o)
    0x080001c0   0x080001c0   0x00000004   Code   RO         6484    .ARM.Collect$$$$00002712  mc_w.l(entry2.o)
    0x080001c4   0x080001c4   0x000000be   Code   RO         5958    .emb_text           port.o
    0x08000282   0x08000282   0x00000002   PAD
    0x08000284   0x08000284   0x0000004c   Code   RO         1935    .text               startup_stm32f429xx.o
    0x080002d0   0x080002d0   0x00000024   Code   RO         6144    .text               mc_w.l(memcpya.o)
    0x080002f4   0x080002f4   0x00000024   Code   RO         6148    .text               mc_w.l(memseta.o)
    0x08000318   0x08000318   0x0000014e   Code   RO         6413    .text               mf_w.l(dadd.o)
    0x08000466   0x08000466   0x000000e4   Code   RO         6415    .text               mf_w.l(dmul.o)
    0x0800054a   0x0800054a   0x000000de   Code   RO         6417    .text               mf_w.l(ddiv.o)
    0x08000628   0x08000628   0x00000022   Code   RO         6421    .text               mf_w.l(dflti.o)
    0x0800064a   0x0800064a   0x0000001a   Code   RO         6423    .text               mf_w.l(dfltui.o)
    0x08000664   0x08000664   0x0000003e   Code   RO         6425    .text               mf_w.l(dfixi.o)
    0x080006a2   0x080006a2   0x00000002   PAD
    0x080006a4   0x080006a4   0x00000030   Code   RO         6429    .text               mf_w.l(cdcmple.o)
    0x080006d4   0x080006d4   0x00000038   Code   RO         6431    .text               mf_w.l(d2f.o)
    0x0800070c   0x0800070c   0x00000062   Code   RO         6501    .text               mc_w.l(uldiv.o)
    0x0800076e   0x0800076e   0x0000001e   Code   RO         6503    .text               mc_w.l(llshl.o)
    0x0800078c   0x0800078c   0x00000020   Code   RO         6505    .text               mc_w.l(llushr.o)
    0x080007ac   0x080007ac   0x00000024   Code   RO         6507    .text               mc_w.l(llsshr.o)
    0x080007d0   0x080007d0   0x00000000   Code   RO         6516    .text               mc_w.l(iusefp.o)
    0x080007d0   0x080007d0   0x0000006e   Code   RO         6517    .text               mf_w.l(fepilogue.o)
    0x0800083e   0x0800083e   0x000000ba   Code   RO         6519    .text               mf_w.l(depilogue.o)
    0x080008f8   0x080008f8   0x0000002e   Code   RO         6521    .text               mf_w.l(dscalb.o)
    0x08000926   0x08000926   0x00000002   PAD
    0x08000928   0x08000928   0x00000030   Code   RO         6525    .text               mf_w.l(cdrcmple.o)
    0x08000958   0x08000958   0x00000024   Code   RO         6529    .text               mc_w.l(init.o)
    0x0800097c   0x0800097c   0x000000a2   Code   RO         6531    .text               mf_w.l(dsqrt.o)
    0x08000a1e   0x08000a1e   0x00000056   Code   RO         6541    .text               mc_w.l(__dczerorl2.o)
    0x08000a74   0x08000a74   0x000000a0   Code   RO          519    i.AccApplyLpf       dof10.o
    0x08000b14   0x08000b14   0x00000078   Code   RO          839    i.AcceMean10        pos_esti.o
    0x08000b8c   0x08000b8c   0x00000060   Code   RO          317    i.ApplyLpf          uavmath.o
    0x08000bec   0x08000bec   0x000000c8   Code   RO          667    i.AttiEstiTask      atti_esti.o
    0x08000cb4   0x08000cb4   0x0000009c   Code   RO         1017    i.AttiPidUpdate     control.o
    0x08000d50   0x08000d50   0x00000284   Code   RO         1309    i.BMP280_CompensatePressureDouble  bmp280.o
    0x08000fd4   0x08000fd4   0x00000158   Code   RO         1310    i.BMP280_CompensateTemperatureDouble  bmp280.o
    0x0800112c   0x0800112c   0x000001d8   Code   RO         1311    i.BMP280_Init       bmp280.o
    0x08001304   0x08001304   0x00000008   Code   RO         1312    i.BMP280_ReadRegister  bmp280.o
    0x0800130c   0x0800130c   0x00000016   Code   RO         1318    i.BMP280_SetWorkMode  bmp280.o
    0x08001322   0x08001322   0x0000000a   Code   RO         1319    i.BMP280_WriteRegister  bmp280.o
    0x0800132c   0x0800132c   0x00000002   Code   RO         1887    i.BusFault_Handler  stm32f4xx_it.o
    0x0800132e   0x0800132e   0x00000002   PAD
    0x08001330   0x08001330   0x000002e8   Code   RO         1018    i.ControlTask       control.o
    0x08001618   0x08001618   0x0000000c   Code   RO         1251    i.DMA1_Stream7_IRQHandler  rgbled.o
    0x08001624   0x08001624   0x0000000c   Code   RO         1170    i.DMA2_Stream5_IRQHandler  debug.o
    0x08001630   0x08001630   0x00000028   Code   RO         3047    i.DMA_CalcBaseAndBitshift  stm32f4xx_hal_dma.o
    0x08001658   0x08001658   0x00000028   Code   RO         3048    i.DMA_SetConfig     stm32f4xx_hal_dma.o
    0x08001680   0x08001680   0x00000002   Code   RO         1888    i.DebugMon_Handler  stm32f4xx_it.o
    0x08001682   0x08001682   0x00000002   PAD
    0x08001684   0x08001684   0x00000038   Code   RO         1785    i.DelayInit         delay.o
    0x080016bc   0x080016bc   0x00000038   Code   RO         1786    i.DelayMs           delay.o
    0x080016f4   0x080016f4   0x00000034   Code   RO         1787    i.DelayUs           delay.o
    0x08001728   0x08001728   0x00000154   Code   RO          520    i.Dof10Task         dof10.o
    0x0800187c   0x0800187c   0x00000030   Code   RO          323    i.Dof3Deg2Rad       uavmath.o
    0x080018ac   0x080018ac   0x000000dc   Code   RO          325    i.Eular2Quat        uavmath.o
    0x08001988   0x08001988   0x00000010   Code   RO          668    i.GetAttiEularApi   atti_esti.o
    0x08001998   0x08001998   0x000000c0   Code   RO         1320    i.GetBmp280AltiApi  bmp280.o
    0x08001a58   0x08001a58   0x0000002e   Code   RO         1321    i.GetBmp280PressureApi  bmp280.o
    0x08001a86   0x08001a86   0x00000024   Code   RO         1322    i.GetBmp280TempeperaturePressureApi  bmp280.o
    0x08001aaa   0x08001aaa   0x0000002e   Code   RO         1323    i.GetBmp280TemperatureApi  bmp280.o
    0x08001ad8   0x08001ad8   0x0000000c   Code   RO          521    i.GetDof10RawDataApi  dof10.o
    0x08001ae4   0x08001ae4   0x0000000c   Code   RO          522    i.GetDof6LpfDataApi  dof10.o
    0x08001af0   0x08001af0   0x0000000c   Code   RO          523    i.GetDof9CaliDataApi  dof10.o
    0x08001afc   0x08001afc   0x0000000c   Code   RO          925    i.GetFlyModeApi     rc.o
    0x08001b08   0x08001b08   0x0000000c   Code   RO          841    i.GetFuseVelApi     pos_esti.o
    0x08001b14   0x08001b14   0x000001a4   Code   RO          670    i.GetInitAtti       atti_esti.o
    0x08001cb8   0x08001cb8   0x00000010   Code   RO          671    i.GetInitEularApi   atti_esti.o
    0x08001cc8   0x08001cc8   0x0000000c   Code   RO          926    i.GetLockStateApi   rc.o
    0x08001cd4   0x08001cd4   0x00000088   Code   RO         1418    i.GetMpu9250AccApi  mpu9250.o
    0x08001d5c   0x08001d5c   0x00000088   Code   RO         1419    i.GetMpu9250GyroApi  mpu9250.o
    0x08001de4   0x08001de4   0x00000078   Code   RO         1420    i.GetMpu9250MagApi  mpu9250.o
    0x08001e5c   0x08001e5c   0x000000a8   Code   RO          524    i.GyroApplyLpf      dof10.o
    0x08001f04   0x08001f04   0x00000052   Code   RO         3049    i.HAL_DMA_Abort     stm32f4xx_hal_dma.o
    0x08001f56   0x08001f56   0x00000056   Code   RO         3050    i.HAL_DMA_DeInit    stm32f4xx_hal_dma.o
    0x08001fac   0x08001fac   0x000001a4   Code   RO         3053    i.HAL_DMA_IRQHandler  stm32f4xx_hal_dma.o
    0x08002150   0x08002150   0x00000078   Code   RO         3054    i.HAL_DMA_Init      stm32f4xx_hal_dma.o
    0x080021c8   0x080021c8   0x0000004e   Code   RO         3057    i.HAL_DMA_Start_IT  stm32f4xx_hal_dma.o
    0x08002216   0x08002216   0x00000002   PAD
    0x08002218   0x08002218   0x000001cc   Code   RO         2214    i.HAL_GPIO_Init     stm32f4xx_hal_gpio.o
    0x080023e4   0x080023e4   0x0000000c   Code   RO         1954    i.HAL_GetREVID      stm32f4xx_hal.o
    0x080023f0   0x080023f0   0x0000000c   Code   RO         1955    i.HAL_GetTick       stm32f4xx_hal.o
    0x080023fc   0x080023fc   0x00000034   Code   RO         1957    i.HAL_Init          stm32f4xx_hal.o
    0x08002430   0x08002430   0x00000022   Code   RO         1958    i.HAL_InitTick      stm32f4xx_hal.o
    0x08002452   0x08002452   0x00000008   Code   RO         1960    i.HAL_MspInit       stm32f4xx_hal.o
    0x0800245a   0x0800245a   0x00000016   Code   RO         2091    i.HAL_NVIC_EnableIRQ  stm32f4xx_hal_cortex.o
    0x08002470   0x08002470   0x00000040   Code   RO         2097    i.HAL_NVIC_SetPriority  stm32f4xx_hal_cortex.o
    0x080024b0   0x080024b0   0x00000024   Code   RO         2098    i.HAL_NVIC_SetPriorityGrouping  stm32f4xx_hal_cortex.o
    0x080024d4   0x080024d4   0x00000208   Code   RO         2452    i.HAL_RCC_ClockConfig  stm32f4xx_hal_rcc.o
    0x080026dc   0x080026dc   0x00000034   Code   RO         2457    i.HAL_RCC_GetHCLKFreq  stm32f4xx_hal_rcc.o
    0x08002710   0x08002710   0x0000002c   Code   RO         2459    i.HAL_RCC_GetPCLK1Freq  stm32f4xx_hal_rcc.o
    0x0800273c   0x0800273c   0x0000002c   Code   RO         2460    i.HAL_RCC_GetPCLK2Freq  stm32f4xx_hal_rcc.o
    0x08002768   0x08002768   0x00000070   Code   RO         2461    i.HAL_RCC_GetSysClockFreq  stm32f4xx_hal_rcc.o
    0x080027d8   0x080027d8   0x0000031c   Code   RO         2464    i.HAL_RCC_OscConfig  stm32f4xx_hal_rcc.o
    0x08002af4   0x08002af4   0x00000084   Code   RO         4220    i.HAL_SPI_Init      stm32f4xx_hal_spi.o
    0x08002b78   0x08002b78   0x0000007c   Code   RO         1737    i.HAL_SPI_MspInit   spi.o
    0x08002bf4   0x08002bf4   0x000002aa   Code   RO         4229    i.HAL_SPI_TransmitReceive  stm32f4xx_hal_spi.o
    0x08002e9e   0x08002e9e   0x00000018   Code   RO         2100    i.HAL_SYSTICK_CLKSourceConfig  stm32f4xx_hal_cortex.o
    0x08002eb6   0x08002eb6   0x00000028   Code   RO         2102    i.HAL_SYSTICK_Config  stm32f4xx_hal_cortex.o
    0x08002ede   0x08002ede   0x00000002   Code   RO         3802    i.HAL_TIMEx_BreakCallback  stm32f4xx_hal_tim_ex.o
    0x08002ee0   0x08002ee0   0x00000002   Code   RO         3803    i.HAL_TIMEx_CommutationCallback  stm32f4xx_hal_tim_ex.o
    0x08002ee2   0x08002ee2   0x00000002   Code   RO         3200    i.HAL_TIM_ErrorCallback  stm32f4xx_hal_tim.o
    0x08002ee4   0x08002ee4   0x00000002   Code   RO         3202    i.HAL_TIM_IC_CaptureCallback  stm32f4xx_hal_tim.o
    0x08002ee6   0x08002ee6   0x00000166   Code   RO         3215    i.HAL_TIM_IRQHandler  stm32f4xx_hal_tim.o
    0x0800304c   0x0800304c   0x00000002   Code   RO         3218    i.HAL_TIM_OC_DelayElapsedCallback  stm32f4xx_hal_tim.o
    0x0800304e   0x0800304e   0x000000d0   Code   RO         3239    i.HAL_TIM_PWM_ConfigChannel  stm32f4xx_hal_tim.o
    0x0800311e   0x0800311e   0x00000036   Code   RO         3242    i.HAL_TIM_PWM_Init  stm32f4xx_hal_tim.o
    0x08003154   0x08003154   0x00000054   Code   RO         1590    i.HAL_TIM_PWM_MspInit  motor.o
    0x080031a8   0x080031a8   0x0000000c   Code   RO         1252    i.HAL_TIM_PWM_PulseFinishedCallback  rgbled.o
    0x080031b4   0x080031b4   0x00000038   Code   RO         3246    i.HAL_TIM_PWM_Start  stm32f4xx_hal_tim.o
    0x080031ec   0x080031ec   0x000000f0   Code   RO         3247    i.HAL_TIM_PWM_Start_DMA  stm32f4xx_hal_tim.o
    0x080032dc   0x080032dc   0x00000090   Code   RO         3250    i.HAL_TIM_PWM_Stop_DMA  stm32f4xx_hal_tim.o
    0x0800336c   0x0800336c   0x00000002   Code   RO         3252    i.HAL_TIM_PeriodElapsedCallback  stm32f4xx_hal_tim.o
    0x0800336e   0x0800336e   0x00000002   Code   RO         3256    i.HAL_TIM_TriggerCallback  stm32f4xx_hal_tim.o
    0x08003370   0x08003370   0x00000032   Code   RO         2602    i.HAL_UART_DMAStop  stm32f4xx_hal_uart.o
    0x080033a2   0x080033a2   0x00000002   Code   RO         2604    i.HAL_UART_ErrorCallback  stm32f4xx_hal_uart.o
    0x080033a4   0x080033a4   0x000000f4   Code   RO         2607    i.HAL_UART_IRQHandler  stm32f4xx_hal_uart.o
    0x08003498   0x08003498   0x0000005e   Code   RO         2608    i.HAL_UART_Init     stm32f4xx_hal_uart.o
    0x080034f6   0x080034f6   0x00000002   Code   RO         2610    i.HAL_UART_MspInit  stm32f4xx_hal_uart.o
    0x080034f8   0x080034f8   0x00000002   Code   RO         2614    i.HAL_UART_RxCpltCallback  stm32f4xx_hal_uart.o
    0x080034fa   0x080034fa   0x00000002   PAD
    0x080034fc   0x080034fc   0x00000090   Code   RO         2617    i.HAL_UART_Transmit_DMA  stm32f4xx_hal_uart.o
    0x0800358c   0x0800358c   0x00000002   Code   RO         2619    i.HAL_UART_TxCpltCallback  stm32f4xx_hal_uart.o
    0x0800358e   0x0800358e   0x00000002   Code   RO         2620    i.HAL_UART_TxHalfCpltCallback  stm32f4xx_hal_uart.o
    0x08003590   0x08003590   0x00000002   Code   RO         1889    i.HardFault_Handler  stm32f4xx_it.o
    0x08003592   0x08003592   0x00000002   PAD
    0x08003594   0x08003594   0x00000040   Code   RO         1489    i.IIC_Ack           iic.o
    0x080035d4   0x080035d4   0x00000048   Code   RO         1490    i.IIC_Init          iic.o
    0x0800361c   0x0800361c   0x00000040   Code   RO         1491    i.IIC_NAck          iic.o
    0x0800365c   0x0800365c   0x00000032   Code   RO         1492    i.IIC_ReadAddrRegByte  iic.o
    0x0800368e   0x0800368e   0x0000005a   Code   RO         1493    i.IIC_ReadAddrRegBytes  iic.o
    0x080036e8   0x080036e8   0x0000001a   Code   RO         1494    i.IIC_ReadByte      iic.o
    0x08003702   0x08003702   0x00000002   PAD
    0x08003704   0x08003704   0x00000058   Code   RO         1495    i.IIC_RecvByte      iic.o
    0x0800375c   0x0800375c   0x00000060   Code   RO         1496    i.IIC_SendByte      iic.o
    0x080037bc   0x080037bc   0x00000040   Code   RO         1497    i.IIC_Start         iic.o
    0x080037fc   0x080037fc   0x00000040   Code   RO         1498    i.IIC_Stop          iic.o
    0x0800383c   0x0800383c   0x00000054   Code   RO         1499    i.IIC_WaitAck       iic.o
    0x08003890   0x08003890   0x00000078   Code   RO         1500    i.IIC_WriteAddrRegByte  iic.o
    0x08003908   0x08003908   0x0000000e   Code   RO         1502    i.IIC_WriteByte     iic.o
    0x08003916   0x08003916   0x00000002   PAD
    0x08003918   0x08003918   0x0000011c   Code   RO          673    i.Km12              atti_esti.o
    0x08003a34   0x08003a34   0x000001f8   Code   RO          674    i.Km3               atti_esti.o
    0x08003c2c   0x08003c2c   0x000003b0   Code   RO          675    i.Km45              atti_esti.o
    0x08003fdc   0x08003fdc   0x00000240   Code   RO          676    i.KmAttiEsti        atti_esti.o
    0x0800421c   0x0800421c   0x000001fc   Code   RO          843    i.KmPosEsti         pos_esti.o
    0x08004418   0x08004418   0x00000024   Code   RO          327    i.LimitFloat        uavmath.o
    0x0800443c   0x0800443c   0x0000001e   Code   RO          330    i.LinearMapping     uavmath.o
    0x0800445a   0x0800445a   0x00000002   PAD
    0x0800445c   0x0800445c   0x00000114   Code   RO         1422    i.MPU9250_Init      mpu9250.o
    0x08004570   0x08004570   0x0000000c   Code   RO         1423    i.MPU9250_SetAccelFsr  mpu9250.o
    0x0800457c   0x0800457c   0x0000000c   Code   RO         1424    i.MPU9250_SetGyroFsr  mpu9250.o
    0x08004588   0x08004588   0x00000032   Code   RO         1425    i.MPU9250_SetLPF    mpu9250.o
    0x080045ba   0x080045ba   0x00000030   Code   RO         1426    i.MPU9250_SetRate   mpu9250.o
    0x080045ea   0x080045ea   0x00000002   PAD
    0x080045ec   0x080045ec   0x00000038   Code   RO          331    i.Mean              uavmath.o
    0x08004624   0x08004624   0x00000002   Code   RO         1890    i.MemManage_Handler  stm32f4xx_it.o
    0x08004626   0x08004626   0x00000002   PAD
    0x08004628   0x08004628   0x00000088   Code   RO         1019    i.MotorCommandUpdate  control.o
    0x080046b0   0x080046b0   0x00000002   Code   RO         1891    i.NMI_Handler       stm32f4xx_it.o
    0x080046b2   0x080046b2   0x00000002   PAD
    0x080046b4   0x080046b4   0x00000048   Code   RO         1653    i.NRF24L01_Check    nrf.o
    0x080046fc   0x080046fc   0x00000094   Code   RO         1654    i.NRF24L01_Init     nrf.o
    0x08004790   0x08004790   0x00000058   Code   RO         1655    i.NRF24L01_RX_Mode  nrf.o
    0x080047e8   0x080047e8   0x0000003c   Code   RO         1656    i.NRF24L01_Read_Buf  nrf.o
    0x08004824   0x08004824   0x00000024   Code   RO         1657    i.NRF24L01_Read_Reg  nrf.o
    0x08004848   0x08004848   0x00000032   Code   RO         1658    i.NRF24L01_RxPacket  nrf.o
    0x0800487a   0x0800487a   0x00000002   PAD
    0x0800487c   0x0800487c   0x0000003c   Code   RO         1661    i.NRF24L01_Write_Buf  nrf.o
    0x080048b8   0x080048b8   0x0000002c   Code   RO         1662    i.NRF24L01_Write_Reg  nrf.o
    0x080048e4   0x080048e4   0x00000020   Code   RO         2104    i.NVIC_SetPriority  stm32f4xx_hal_cortex.o
    0x08004904   0x08004904   0x0000001c   Code   RO          333    i.Norm3             uavmath.o
    0x08004920   0x08004920   0x00000062   Code   RO          334    i.NormQuat          uavmath.o
    0x08004982   0x08004982   0x00000002   PAD
    0x08004984   0x08004984   0x000000b8   Code   RO          677    i.NormalizeQuat     atti_esti.o
    0x08004a3c   0x08004a3c   0x00000026   Code   RO         1123    i.PidP_Update       controller.o
    0x08004a62   0x08004a62   0x00000002   PAD
    0x08004a64   0x08004a64   0x000000e4   Code   RO         1124    i.PidUpdate         controller.o
    0x08004b48   0x08004b48   0x00000008   Code   RO          678    i.PointAttiEularApi  atti_esti.o
    0x08004b50   0x08004b50   0x00000008   Code   RO          525    i.PointDof10RawDataApi  dof10.o
    0x08004b58   0x08004b58   0x00000008   Code   RO          526    i.PointDof6LpfDataApi  dof10.o
    0x08004b60   0x08004b60   0x00000008   Code   RO          844    i.PointEarthAccApi  pos_esti.o
    0x08004b68   0x08004b68   0x00000008   Code   RO          845    i.PointFusePosApi   pos_esti.o
    0x08004b70   0x08004b70   0x00000008   Code   RO          846    i.PointFuseVelApi   pos_esti.o
    0x08004b78   0x08004b78   0x00000008   Code   RO         1020    i.PointMotorDutyApi  control.o
    0x08004b80   0x08004b80   0x00000008   Code   RO          847    i.PointRawPosApi    pos_esti.o
    0x08004b88   0x08004b88   0x00000008   Code   RO          929    i.PointRcApi        rc.o
    0x08004b90   0x08004b90   0x00000008   Code   RO          931    i.PointRcmApi       rc.o
    0x08004b98   0x08004b98   0x000001c0   Code   RO          848    i.PosEstiTask       pos_esti.o
    0x08004d58   0x08004d58   0x000000bc   Code   RO          849    i.PoszEsti          pos_esti.o
    0x08004e14   0x08004e14   0x0000009c   Code   RO         1171    i.PrintDataApi      debug.o
    0x08004eb0   0x08004eb0   0x0000008c   Code   RO         1172    i.PrintDataTask     debug.o
    0x08004f3c   0x08004f3c   0x000000c8   Code   RO          683    i.Quat2EularAngleDeg  atti_esti.o
    0x08005004   0x08005004   0x0000011a   Code   RO          336    i.Quat2Rbe          uavmath.o
    0x0800511e   0x0800511e   0x00000002   PAD
    0x08005120   0x08005120   0x00000084   Code   RO         1029    i.RatePidUpdate     control.o
    0x080051a4   0x080051a4   0x0000003a   Code   RO          932    i.RcCmd2Rc          rc.o
    0x080051de   0x080051de   0x00000054   Code   RO          613    i.RcCmd_Buf2Frame   communicate.o
    0x08005232   0x08005232   0x00000002   PAD
    0x08005234   0x08005234   0x00000280   Code   RO          933    i.RcMapping         rc.o
    0x080054b4   0x080054b4   0x0000006c   Code   RO          934    i.RcTask            rc.o
    0x08005520   0x08005520   0x00000034   Code   RO         1125    i.ResetPid          controller.o
    0x08005554   0x08005554   0x00000048   Code   RO         1253    i.RgbLedTask        rgbled.o
    0x0800559c   0x0800559c   0x00000038   Code   RO         1738    i.SPI2_Init         spi.o
    0x080055d4   0x080055d4   0x00000028   Code   RO         1739    i.SPI2_ReadWriteApi  spi.o
    0x080055fc   0x080055fc   0x00000034   Code   RO         1740    i.SPI2_SetSpeedApi  spi.o
    0x08005630   0x08005630   0x0000009e   Code   RO         4251    i.SPI_WaitOnFlagUntilTimeout  stm32f4xx_hal_spi.o
    0x080056ce   0x080056ce   0x00000086   Code   RO          614    i.SendEularAngle    communicate.o
    0x08005754   0x08005754   0x00000042   Code   RO         1592    i.SetFourMotorsSpinSlowly  motor.o
    0x08005796   0x08005796   0x00000002   PAD
    0x08005798   0x08005798   0x000000b8   Code   RO          528    i.SetGyroOffsetAuto  dof10.o
    0x08005850   0x08005850   0x00000090   Code   RO         1254    i.SetLedColor       rgbled.o
    0x080058e0   0x080058e0   0x0000011c   Code   RO          935    i.SetLockState      rc.o
    0x080059fc   0x080059fc   0x000000ac   Code   RO          339    i.SetLpfCutoffFreq  uavmath.o
    0x08005aa8   0x08005aa8   0x0000002c   Code   RO         1593    i.SetMotorDutyApi   motor.o
    0x08005ad4   0x08005ad4   0x00000026   Code   RO         1595    i.SetMotorsStopApi  motor.o
    0x08005afa   0x08005afa   0x0000003a   Code   RO         1126    i.SetPidParam       controller.o
    0x08005b34   0x08005b34   0x0000000e   Code   RO          341    i.Std               uavmath.o
    0x08005b42   0x08005b42   0x00000002   PAD
    0x08005b44   0x08005b44   0x00000094   Code   RO         1830    i.SysClockInit      sys.o
    0x08005bd8   0x08005bd8   0x00000014   Code   RO         1788    i.SysTick_Handler   delay.o
    0x08005bec   0x08005bec   0x00000054   Code   RO         1858    i.SystemInit        system_stm32f4xx.o
    0x08005c40   0x08005c40   0x00000080   Code   RO         1596    i.TIM1_PWM_Init     motor.o
    0x08005cc0   0x08005cc0   0x0000000c   Code   RO         1255    i.TIM3_IRQHandler   rgbled.o
    0x08005ccc   0x08005ccc   0x000000f0   Code   RO         1256    i.TIM3_PWM_Init     rgbled.o
    0x08005dbc   0x08005dbc   0x000000c0   Code   RO         3257    i.TIM_Base_SetConfig  stm32f4xx_hal_tim.o
    0x08005e7c   0x08005e7c   0x00000016   Code   RO         3258    i.TIM_CCxChannelCmd  stm32f4xx_hal_tim.o
    0x08005e92   0x08005e92   0x0000003e   Code   RO         3260    i.TIM_DMADelayPulseCplt  stm32f4xx_hal_tim.o
    0x08005ed0   0x08005ed0   0x00000010   Code   RO         3261    i.TIM_DMAError      stm32f4xx_hal_tim.o
    0x08005ee0   0x08005ee0   0x00000058   Code   RO         3266    i.TIM_OC1_SetConfig  stm32f4xx_hal_tim.o
    0x08005f38   0x08005f38   0x00000064   Code   RO         3267    i.TIM_OC2_SetConfig  stm32f4xx_hal_tim.o
    0x08005f9c   0x08005f9c   0x00000060   Code   RO         3268    i.TIM_OC3_SetConfig  stm32f4xx_hal_tim.o
    0x08005ffc   0x08005ffc   0x00000050   Code   RO         3269    i.TIM_OC4_SetConfig  stm32f4xx_hal_tim.o
    0x0800604c   0x0800604c   0x0000001e   Code   RO         2621    i.UART_DMAError     stm32f4xx_hal_uart.o
    0x0800606a   0x0800606a   0x0000002e   Code   RO         2624    i.UART_DMATransmitCplt  stm32f4xx_hal_uart.o
    0x08006098   0x08006098   0x0000000a   Code   RO         2625    i.UART_DMATxHalfCplt  stm32f4xx_hal_uart.o
    0x080060a2   0x080060a2   0x000000a6   Code   RO         2626    i.UART_Receive_IT   stm32f4xx_hal_uart.o
    0x08006148   0x08006148   0x00000174   Code   RO         2627    i.UART_SetConfig    stm32f4xx_hal_uart.o
    0x080062bc   0x080062bc   0x00000066   Code   RO         2628    i.UART_Transmit_IT  stm32f4xx_hal_uart.o
    0x08006322   0x08006322   0x00000002   PAD
    0x08006324   0x08006324   0x0000003c   Code   RO         1173    i.USART1_IRQHandler  debug.o
    0x08006360   0x08006360   0x00000110   Code   RO         1174    i.USART1_Init       debug.o
    0x08006470   0x08006470   0x00000002   Code   RO         1892    i.UsageFault_Handler  stm32f4xx_it.o
    0x08006472   0x08006472   0x00000002   PAD
    0x08006474   0x08006474   0x0000004c   Code   RO          344    i.Var               uavmath.o
    0x080064c0   0x080064c0   0x0000005c   Code   RO          684    i.VectorBody2Earth  atti_esti.o
    0x0800651c   0x0800651c   0x0000005c   Code   RO          685    i.VectorEarth2Body  atti_esti.o
    0x08006578   0x08006578   0x00000080   Code   RO          529    i.WaitImuValid      dof10.o
    0x080065f8   0x080065f8   0x00000020   Code   RO         6285    i.__0printf$5       mc_w.l(printf5.o)
    0x08006618   0x08006618   0x00000030   Code   RO         6447    i.__ARM_fpclassify  m_wm.l(fpclassify.o)
    0x08006648   0x08006648   0x00000026   Code   RO         6449    i.__ARM_fpclassifyf  m_wm.l(fpclassifyf.o)
    0x0800666e   0x0800666e   0x00000002   PAD
    0x08006670   0x08006670   0x0000012c   Code   RO         6035    i.__hardfp_asinf    m_wm.l(asinf.o)
    0x0800679c   0x0800679c   0x000002ac   Code   RO         6047    i.__hardfp_atan2f   m_wm.l(atan2f.o)
    0x08006a48   0x08006a48   0x00000150   Code   RO         6059    i.__hardfp_cosf     m_wm.l(cosf.o)
    0x08006b98   0x08006b98   0x00000014   Code   RO         6071    i.__hardfp_fabs     m_wm.l(fabs.o)
    0x08006bac   0x08006bac   0x00000004   PAD
    0x08006bb0   0x08006bb0   0x00000c50   Code   RO         6077    i.__hardfp_pow      m_wm.l(pow.o)
    0x08007800   0x08007800   0x00000190   Code   RO         6105    i.__hardfp_sinf     m_wm.l(sinf.o)
    0x08007990   0x08007990   0x0000003a   Code   RO         6117    i.__hardfp_sqrtf    m_wm.l(sqrtf.o)
    0x080079ca   0x080079ca   0x00000002   PAD
    0x080079cc   0x080079cc   0x0000017c   Code   RO         6129    i.__hardfp_tanf     m_wm.l(tanf.o)
    0x08007b48   0x08007b48   0x000000f8   Code   RO         6465    i.__kernel_poly     m_wm.l(poly.o)
    0x08007c40   0x08007c40   0x00000030   Code   RO         6433    i.__mathlib_dbl_divzero  m_wm.l(dunder.o)
    0x08007c70   0x08007c70   0x00000014   Code   RO         6435    i.__mathlib_dbl_infnan2  m_wm.l(dunder.o)
    0x08007c84   0x08007c84   0x00000004   PAD
    0x08007c88   0x08007c88   0x00000020   Code   RO         6436    i.__mathlib_dbl_invalid  m_wm.l(dunder.o)
    0x08007ca8   0x08007ca8   0x00000020   Code   RO         6437    i.__mathlib_dbl_overflow  m_wm.l(dunder.o)
    0x08007cc8   0x08007cc8   0x00000020   Code   RO         6439    i.__mathlib_dbl_underflow  m_wm.l(dunder.o)
    0x08007ce8   0x08007ce8   0x00000006   Code   RO         6452    i.__mathlib_flt_infnan  m_wm.l(funder.o)
    0x08007cee   0x08007cee   0x00000006   Code   RO         6453    i.__mathlib_flt_infnan2  m_wm.l(funder.o)
    0x08007cf4   0x08007cf4   0x00000010   Code   RO         6454    i.__mathlib_flt_invalid  m_wm.l(funder.o)
    0x08007d04   0x08007d04   0x00000010   Code   RO         6457    i.__mathlib_flt_underflow  m_wm.l(funder.o)
    0x08007d14   0x08007d14   0x00000154   Code   RO         6468    i.__mathlib_rredf2  m_wm.l(rredf.o)
    0x08007e68   0x08007e68   0x0000000e   Code   RO         6535    i.__scatterload_copy  mc_w.l(handlers.o)
    0x08007e76   0x08007e76   0x00000002   Code   RO         6536    i.__scatterload_null  mc_w.l(handlers.o)
    0x08007e78   0x08007e78   0x0000000e   Code   RO         6537    i.__scatterload_zeroinit  mc_w.l(handlers.o)
    0x08007e86   0x08007e86   0x00000002   PAD
    0x08007e88   0x08007e88   0x0000000c   Code   RO         6511    i.__set_errno       mc_w.l(errno.o)
    0x08007e94   0x08007e94   0x000002c0   Code   RO         6292    i._printf_core      mc_w.l(printf5.o)
    0x08008154   0x08008154   0x00000078   Code   RO         4041    i.arm_mat_add_f32   arm_mat_add_f32.o
    0x080081cc   0x080081cc   0x00000008   Code   RO         4092    i.arm_mat_init_f32  arm_mat_init_f32.o
    0x080081d4   0x080081d4   0x00000254   Code   RO         4116    i.arm_mat_inverse_f32  arm_mat_inverse_f32.o
    0x08008428   0x08008428   0x000000d8   Code   RO         4140    i.arm_mat_mult_f32  arm_mat_mult_f32.o
    0x08008500   0x08008500   0x00000078   Code   RO         4164    i.arm_mat_sub_f32   arm_mat_sub_f32.o
    0x08008578   0x08008578   0x0000007c   Code   RO         4188    i.arm_mat_trans_f32  arm_mat_trans_f32.o
    0x080085f4   0x080085f4   0x00000018   Code   RO         6073    i.fabs              m_wm.l(fabs.o)
    0x0800860c   0x0800860c   0x00000014   Code   RO         1177    i.fputc             debug.o
    0x08008620   0x08008620   0x0000013c   Code   RO            4    i.main              main.o
    0x0800875c   0x0800875c   0x00000070   Code   RO         5410    i.prvAddCurrentTaskToDelayedList  tasks.o
    0x080087cc   0x080087cc   0x000000d0   Code   RO         5411    i.prvAddNewTaskToReadyList  tasks.o
    0x0800889c   0x0800889c   0x00000050   Code   RO         5758    i.prvCheckForValidListAndQueue  timers.o
    0x080088ec   0x080088ec   0x00000026   Code   RO         5056    i.prvCopyDataFromQueue  queue.o
    0x08008912   0x08008912   0x0000006c   Code   RO         5057    i.prvCopyDataToQueue  queue.o
    0x0800897e   0x0800897e   0x00000014   Code   RO         5412    i.prvDeleteTCB      tasks.o
    0x08008992   0x08008992   0x00000002   PAD
    0x08008994   0x08008994   0x0000004c   Code   RO         5903    i.prvHeapInit       heap_4.o
    0x080089e0   0x080089e0   0x0000005c   Code   RO         5413    i.prvIdleTask       tasks.o
    0x08008a3c   0x08008a3c   0x000000aa   Code   RO         5414    i.prvInitialiseNewTask  tasks.o
    0x08008ae6   0x08008ae6   0x00000002   PAD
    0x08008ae8   0x08008ae8   0x0000004c   Code   RO         5904    i.prvInsertBlockIntoFreeList  heap_4.o
    0x08008b34   0x08008b34   0x00000038   Code   RO         5759    i.prvInsertTimerInActiveList  timers.o
    0x08008b6c   0x08008b6c   0x0000001a   Code   RO         5058    i.prvIsQueueEmpty   queue.o
    0x08008b86   0x08008b86   0x00000002   PAD
    0x08008b88   0x08008b88   0x000000f0   Code   RO         5760    i.prvProcessReceivedCommands  timers.o
    0x08008c78   0x08008c78   0x000000c0   Code   RO         5761    i.prvProcessTimerOrBlockTask  timers.o
    0x08008d38   0x08008d38   0x00000020   Code   RO         5416    i.prvResetNextTaskUnblockTime  tasks.o
    0x08008d58   0x08008d58   0x00000028   Code   RO         5762    i.prvSampleTimeNow  timers.o
    0x08008d80   0x08008d80   0x0000006c   Code   RO         5763    i.prvSwitchTimerLists  timers.o
    0x08008dec   0x08008dec   0x00000028   Code   RO         5959    i.prvTaskExitError  port.o
    0x08008e14   0x08008e14   0x00000028   Code   RO         5764    i.prvTimerTask      timers.o
    0x08008e3c   0x08008e3c   0x0000006a   Code   RO         5059    i.prvUnlockQueue    queue.o
    0x08008ea6   0x08008ea6   0x00000002   PAD
    0x08008ea8   0x08008ea8   0x000000dc   Code   RO         5905    i.pvPortMalloc      heap_4.o
    0x08008f84   0x08008f84   0x0000002c   Code   RO         5960    i.pxPortInitialiseStack  port.o
    0x08008fb0   0x08008fb0   0x0000006e   Code   RO         6473    i.sqrt              m_wm.l(sqrt.o)
    0x0800901e   0x0800901e   0x0000003e   Code   RO         6119    i.sqrtf             m_wm.l(sqrtf.o)
    0x0800905c   0x0800905c   0x00000026   Code   RO         5016    i.uxListRemove      list.o
    0x08009082   0x08009082   0x00000016   Code   RO         5017    i.vListInitialise   list.o
    0x08009098   0x08009098   0x00000006   Code   RO         5018    i.vListInitialiseItem  list.o
    0x0800909e   0x0800909e   0x00000030   Code   RO         5019    i.vListInsert       list.o
    0x080090ce   0x080090ce   0x00000018   Code   RO         5020    i.vListInsertEnd    list.o
    0x080090e6   0x080090e6   0x00000002   PAD
    0x080090e8   0x080090e8   0x00000040   Code   RO         5962    i.vPortEnterCritical  port.o
    0x08009128   0x08009128   0x00000028   Code   RO         5963    i.vPortExitCritical  port.o
    0x08009150   0x08009150   0x00000064   Code   RO         5906    i.vPortFree         heap_4.o
    0x080091b4   0x080091b4   0x00000024   Code   RO         5964    i.vPortSetupTimerInterrupt  port.o
    0x080091d8   0x080091d8   0x00000054   Code   RO         5965    i.vPortValidateInterruptPriority  port.o
    0x0800922c   0x0800922c   0x00000024   Code   RO         5065    i.vQueueAddToRegistry  queue.o
    0x08009250   0x08009250   0x00000044   Code   RO         5069    i.vQueueWaitForMessageRestricted  queue.o
    0x08009294   0x08009294   0x0000004c   Code   RO         5427    i.vTaskDelay        tasks.o
    0x080092e0   0x080092e0   0x00000090   Code   RO         5428    i.vTaskDelayUntil   tasks.o
    0x08009370   0x08009370   0x00000010   Code   RO         5432    i.vTaskInternalSetTimeOutState  tasks.o
    0x08009380   0x08009380   0x0000000c   Code   RO         5433    i.vTaskMissedYield  tasks.o
    0x0800938c   0x0800938c   0x00000030   Code   RO         5435    i.vTaskPlaceOnEventList  tasks.o
    0x080093bc   0x080093bc   0x00000038   Code   RO         5436    i.vTaskPlaceOnEventListRestricted  tasks.o
    0x080093f4   0x080093f4   0x00000070   Code   RO         5444    i.vTaskStartScheduler  tasks.o
    0x08009464   0x08009464   0x00000010   Code   RO         5446    i.vTaskSuspendAll   tasks.o
    0x08009474   0x08009474   0x0000005c   Code   RO         5447    i.vTaskSwitchContext  tasks.o
    0x080094d0   0x080094d0   0x000000f4   Code   RO         5966    i.xPortStartScheduler  port.o
    0x080095c4   0x080095c4   0x0000002c   Code   RO         5967    i.xPortSysTickHandler  port.o
    0x080095f0   0x080095f0   0x0000004c   Code   RO         5072    i.xQueueGenericCreate  queue.o
    0x0800963c   0x0800963c   0x00000088   Code   RO         5073    i.xQueueGenericReset  queue.o
    0x080096c4   0x080096c4   0x00000164   Code   RO         5074    i.xQueueGenericSend  queue.o
    0x08009828   0x08009828   0x000000be   Code   RO         5075    i.xQueueGenericSendFromISR  queue.o
    0x080098e6   0x080098e6   0x00000002   PAD
    0x080098e8   0x080098e8   0x00000138   Code   RO         5082    i.xQueueReceive     queue.o
    0x08009a20   0x08009a20   0x00000074   Code   RO         5449    i.xTaskCheckForTimeOut  tasks.o
    0x08009a94   0x08009a94   0x00000056   Code   RO         5450    i.xTaskCreate       tasks.o
    0x08009aea   0x08009aea   0x00000002   PAD
    0x08009aec   0x08009aec   0x0000001c   Code   RO         5454    i.xTaskGetSchedulerState  tasks.o
    0x08009b08   0x08009b08   0x0000000c   Code   RO         5455    i.xTaskGetTickCount  tasks.o
    0x08009b14   0x08009b14   0x000000cc   Code   RO         5457    i.xTaskIncrementTick  tasks.o
    0x08009be0   0x08009be0   0x00000098   Code   RO         5460    i.xTaskPriorityDisinherit  tasks.o
    0x08009c78   0x08009c78   0x00000074   Code   RO         5462    i.xTaskRemoveFromEventList  tasks.o
    0x08009cec   0x08009cec   0x000000c4   Code   RO         5463    i.xTaskResumeAll    tasks.o
    0x08009db0   0x08009db0   0x0000004c   Code   RO         5772    i.xTimerCreateTimerTask  timers.o
    0x08009dfc   0x08009dfc   0x0000005c   Code   RO         5773    i.xTimerGenericCommand  timers.o
    0x08009e58   0x08009e58   0x00000100   Data   RO          687    .constdata          atti_esti.o
    0x08009f58   0x08009f58   0x00000018   Data   RO          851    .constdata          pos_esti.o
    0x08009f70   0x08009f70   0x0000000b   Data   RO         1258    .constdata          rgbled.o
    0x08009f7b   0x08009f7b   0x0000000a   Data   RO         1663    .constdata          nrf.o
    0x08009f85   0x08009f85   0x00000010   Data   RO         2465    .constdata          stm32f4xx_hal_rcc.o
    0x08009f95   0x08009f95   0x00000008   Data   RO         3058    .constdata          stm32f4xx_hal_dma.o
    0x08009f9d   0x08009f9d   0x00000003   PAD
    0x08009fa0   0x08009fa0   0x00000088   Data   RO         6080    .constdata          m_wm.l(pow.o)
    0x0800a028   0x0800a028   0x00000008   Data   RO         6467    .constdata          m_wm.l(qnan.o)
    0x0800a030   0x0800a030   0x00000020   Data   RO         6469    .constdata          m_wm.l(rredf.o)
    0x0800a050   0x0800a050   0x00000020   Data   RO         6533    Region$$Table       anon$$obj.o


    Execution Region RW_IRAM1 (Exec base: 0x20000000, Load base: 0x0800a070, Size: 0x00011178, Max: 0x00020000, ABSOLUTE, COMPRESSED[0x000000d8])

    Exec Addr    Load Addr    Size         Type   Attr      Idx    E Section Name        Object

    0x20000000   COMPRESSED   0x00000034   Data   RW          531    .data               dof10.o
    0x20000034   COMPRESSED   0x00000260   Data   RW          688    .data               atti_esti.o
    0x20000294   COMPRESSED   0x0000003c   Data   RW          852    .data               pos_esti.o
    0x200002d0   COMPRESSED   0x00000002   Data   RW          940    .data               rc.o
    0x200002d2   COMPRESSED   0x00000002   PAD
    0x200002d4   COMPRESSED   0x000000cc   Data   RW         1033    .data               control.o
    0x200003a0   COMPRESSED   0x00000001   Data   RW         1179    .data               debug.o
    0x200003a1   COMPRESSED   0x00000003   PAD
    0x200003a4   COMPRESSED   0x00000004   Data   RW         1180    .data               debug.o
    0x200003a8   COMPRESSED   0x00000001   Data   RW         1325    .data               bmp280.o
    0x200003a9   COMPRESSED   0x00000003   PAD
    0x200003ac   COMPRESSED   0x00000008   Data   RW         1789    .data               delay.o
    0x200003b4   COMPRESSED   0x00000014   Data   RW         1859    .data               system_stm32f4xx.o
    0x200003c8   COMPRESSED   0x00000004   Data   RW         1963    .data               stm32f4xx_hal.o
    0x200003cc   COMPRESSED   0x0000003c   Data   RW         5466    .data               tasks.o
    0x20000408   COMPRESSED   0x00000014   Data   RW         5779    .data               timers.o
    0x2000041c   COMPRESSED   0x00000020   Data   RW         5912    .data               heap_4.o
    0x2000043c   COMPRESSED   0x0000000c   Data   RW         5968    .data               port.o
    0x20000448   COMPRESSED   0x00000004   Data   RW         6512    .data               mc_w.l(errno.o)
    0x2000044c        -       0x00000130   Zero   RW          530    .bss                dof10.o
    0x2000057c        -       0x000000e4   Zero   RW          686    .bss                atti_esti.o
    0x20000660        -       0x00000130   Zero   RW          850    .bss                pos_esti.o
    0x20000790        -       0x0000003c   Zero   RW          936    .bss                rc.o
    0x200007cc        -       0x000000f0   Zero   RW         1030    .bss                control.o
    0x200008bc        -       0x00000130   Zero   RW         1178    .bss                debug.o
    0x200009ec        -       0x00000188   Zero   RW         1257    .bss                rgbled.o
    0x20000b74        -       0x00000024   Zero   RW         1324    .bss                bmp280.o
    0x20000b98        -       0x00000058   Zero   RW         1597    .bss                motor.o
    0x20000bf0        -       0x00000058   Zero   RW         1741    .bss                spi.o
    0x20000c48        -       0x00000040   Zero   RW         5086    .bss                queue.o
    0x20000c88        -       0x000000c8   Zero   RW         5465    .bss                tasks.o
    0x20000d50        -       0x00000028   Zero   RW         5778    .bss                timers.o
    0x20000d78        -       0x00010000   Zero   RW         5911    .bss                heap_4.o
    0x20010d78        -       0x00000400   Zero   RW         1932    STACK               startup_stm32f429xx.o


==============================================================================

Image component sizes


      Code (inc. data)   RO Data    RW Data    ZI Data      Debug   Object Name

       120          0          0          0          0       1502   arm_mat_add_f32.o
         8          0          0          0          0       1031   arm_mat_init_f32.o
       596          4          0          0          0       3578   arm_mat_inverse_f32.o
       216          4          0          0          0       2199   arm_mat_mult_f32.o
       120          0          0          0          0       1502   arm_mat_sub_f32.o
       124          0          0          0          0       1548   arm_mat_trans_f32.o
      3536        184        256        608        228      11334   atti_esti.o
      1820        278          0          1         36       8978   bmp280.o
       218          0          0          0          0       2155   communicate.o
      1176        140          0        204        240       6379   control.o
       376         22          0          0          0       2455   controller.o
       660         62          0          5        304       6142   debug.o
       184         14          0          8          0       2446   delay.o
      1032        104          0         52        304      10459   dof10.o
         0          0          0          0          0       8980   event_groups.o
       472         24          0         32      65536       4455   heap_4.o
       896        126          0          0          0       8300   iic.o
       138          0          0          0          0       3070   list.o
       316        134          0          0          0     711719   main.o
       360         24          0          0         88       3779   motor.o
       790        120          0          0          0       5757   mpu9250.o
       558         84         10          0          0       5760   nrf.o
       786         80          0         12          0      11037   port.o
      1308         92         24         60        304       8303   pos_esti.o
      1452         18          0          0         64      15378   queue.o
      1130         80          0          2         60       5296   rc.o
       492         42         11          0        392       4373   rgbled.o
       272         36          0          0         88       2765   spi.o
        76         16        428          0       1024        820   startup_stm32f429xx.o
       118         14          0          4          0       4065   stm32f4xx_hal.o
       218         14          0          0          0      30793   stm32f4xx_hal_cortex.o
       866         16          8          0          0       5944   stm32f4xx_hal_dma.o
       460         48          0          0          0       1948   stm32f4xx_hal_gpio.o
      1568         68         16          0          0       6243   stm32f4xx_hal_rcc.o
       972          0          0          0          0       3713   stm32f4xx_hal_spi.o
      1726        116          0          0          0      14928   stm32f4xx_hal_tim.o
         4          0          0          0          0       1618   stm32f4xx_hal_tim_ex.o
      1268         20          0          0          0      10783   stm32f4xx_hal_uart.o
        12          0          0          0          0       2741   stm32f4xx_it.o
       148         14          0          0          0       1103   sys.o
        84         18          0         20          0       1077   system_stm32f4xx.o
      2116        164          0         60        200      24194   tasks.o
       924         84          0         20         40      21663   timers.o
      1156         34          0          0          0       8876   uavmath.o

    ----------------------------------------------------------------------
     30928       2298        788       1096      68908    1001189   Object Totals
         0          0         32          0          0          0   (incl. Generated)
        56          0          3          8          0          0   (incl. Padding)

    ----------------------------------------------------------------------

      Code (inc. data)   RO Data    RW Data    ZI Data      Debug   Library Member Name

       300         42          0          0          0        176   asinf.o
       684         90          0          0          0        208   atan2f.o
       336         56          0          0          0        136   cosf.o
       164         44          0          0          0        620   dunder.o
        44          0          0          0          0        248   fabs.o
        48          0          0          0          0        124   fpclassify.o
        38          0          0          0          0        116   fpclassifyf.o
        44         12          0          0          0        464   funder.o
       248          0          0          0          0        152   poly.o
      3152        296        136          0          0        352   pow.o
         0          0          8          0          0          0   qnan.o
       340         24         32          0          0        160   rredf.o
       400         56          0          0          0        212   sinf.o
       110          0          0          0          0        148   sqrt.o
       120          0          0          0          0        272   sqrtf.o
       380         58          0          0          0        200   tanf.o
        86          0          0          0          0          0   __dczerorl2.o
         0          0          0          0          0          0   entry.o
         0          0          0          0          0          0   entry10a.o
         0          0          0          0          0          0   entry11a.o
         4          0          0          0          0          0   entry12b.o
         8          4          0          0          0          0   entry2.o
         4          0          0          0          0          0   entry5.o
         0          0          0          0          0          0   entry7b.o
         0          0          0          0          0          0   entry8b.o
         8          4          0          0          0          0   entry9a.o
        12          6          0          4          0         68   errno.o
        30          0          0          0          0          0   handlers.o
        36          8          0          0          0         68   init.o
         0          0          0          0          0          0   iusefp.o
        30          0          0          0          0         68   llshl.o
        36          0          0          0          0         68   llsshr.o
        32          0          0          0          0         68   llushr.o
        36          0          0          0          0         68   memcpya.o
        36          0          0          0          0        108   memseta.o
       736         54          0          0          0        184   printf5.o
        98          0          0          0          0         92   uldiv.o
        48          0          0          0          0         68   cdcmple.o
        48          0          0          0          0         68   cdrcmple.o
        56          0          0          0          0         88   d2f.o
       334          0          0          0          0        148   dadd.o
       222          0          0          0          0        100   ddiv.o
       186          0          0          0          0        176   depilogue.o
        62          0          0          0          0         80   dfixi.o
        34          0          0          0          0         76   dflti.o
        26          0          0          0          0         76   dfltui.o
       228          0          0          0          0         96   dmul.o
        46          0          0          0          0         80   dscalb.o
       162          0          0          0          0        100   dsqrt.o
       110          0          0          0          0        168   fepilogue.o

    ----------------------------------------------------------------------
      9180        754        176          4          0       5704   Library Totals
        18          0          0          0          0          0   (incl. Padding)

    ----------------------------------------------------------------------

      Code (inc. data)   RO Data    RW Data    ZI Data      Debug   Library Name

      6408        678        176          0          0       3588   m_wm.l
      1192         76          0          4          0        792   mc_w.l
      1562          0          0          0          0       1324   mf_w.l

    ----------------------------------------------------------------------
      9180        754        176          4          0       5704   Library Totals

    ----------------------------------------------------------------------

==============================================================================


      Code (inc. data)   RO Data    RW Data    ZI Data      Debug   

     40108       3052        964       1100      68908     978885   Grand Totals
     40108       3052        964        216      68908     978885   ELF Image Totals (compressed)
     40108       3052        964        216          0          0   ROM Totals

==============================================================================

    Total RO  Size (Code + RO Data)                41072 (  40.11kB)
    Total RW  Size (RW Data + ZI Data)             70008 (  68.37kB)
    Total ROM Size (Code + RO Data + RW Data)      41288 (  40.32kB)

==============================================================================

